Microsoft Windows [Version 10.0.19045.3448]
(c) Microsoft Corporation. All rights reserved.

C:\Users\IET>mysql --host=192.168.10.150 --port=3306 --user=dac42 --password=welcome dac42
mysql: [Warning] Using a password on the command line interface can be insecure.
Welcome to the MySQL monitor.  Commands end with ; or \g.
Your MySQL connection id is 360
Server version: 8.1.0 MySQL Community Server - GPL

Copyright (c) 2000, 2023, Oracle and/or its affiliates.

Oracle is a registered trademark of Oracle Corporation and/or its
affiliates. Other names may be trademarks of their respective
owners.

Type 'help;' or '\h' for help. Type '\c' to clear the current input statement.

mysql> mysql --host=192.168.10.150 --port=3306 --user=dac42 --password=welcome dac42^C
mysql> select s.*, sa.address from student s , student_address sa where s.id= sa.studentID;
+----+-----------+----------+------------+--------------------------+-------------------------------------------------------------------+
| ID | namefirst | namelast | DOB        | emailID                  | address                                                           |
+----+-----------+----------+------------+--------------------------+-------------------------------------------------------------------+
|  1 | saleel    | bagde    | 1984-06-12 | saleel.bagde@gmail.com   | 13758 Dogwood, St, Trona, CA, Los Angeles, 93562                  |
|  2 | omkar     | rokde    | 1969-10-25 | omkar.rakde@gmail.com    | 2263 Ga 17 Hwy N, Millen, GA, Atlanta, 30442                      |
|  3 | ulka      | joshi    | 1970-10-25 | ulka.joshi@gmail.com     | 409 Berry St, Louisa, KY, San Jose, 41230                         |
|  4 | rahul     | patil    | 1982-10-31 | rahul.patil@gmail.com    | 7720 Covington Rd, Pink Stand, TN, San Francisco, 37188           |
|  5 | ruhan     | bagde    | 1984-01-12 | ruhan.bagde@gmail.com    | 15 Hempstead, St, Saugus, MA, Las Vega, 1906                      |
|  6 | lala      | prasad   | 1980-12-01 | lala.prasad@gmail.com    | 165 Village Dr., P.O. Box 3700, Oakland, TN, Oakland, 38060       |
|  7 | sharmin   | bagde    | 1986-12-14 | sharmin.bagde@gmail.com  | Po Box 83, Faith, NC, New Jersey, 28041                           |
|  8 | vrushali  | bagde    | 1984-12-29 | vrushali.bagde@gmail.com | 3402 Buccaneer Rose Ave, Bakersfield, CA, Boston, 93313           |
|  9 | vasant    | khande   | 1992-10-26 | vasant.khande@gmail.com  | Po Box 77, Linking Road, UK                                       |
| 10 | nitish    | patil    | 1990-10-26 | nitish.patil@gmail.com   | 7710 Covington Rd , New State Road, New York, 37188               |
| 11 | neel      | save     | 1975-10-30 | neel.save@gmail.com      | 15 Hempstead St, Saugus, MA, Boston, 1906                         |
| 12 | deep      | save     | 1986-11-30 | deep.save@gmail.com      | 165 Ken city, P.O. Box 942873, 50 Higuera Street, Oakland, 38060  |
| 13 | nrupali   | save     | 1981-12-01 | nrupali.save@gmail.com   | Po Box 83, Faith, NC, null, New York, 28041                       |
| 14 | supriya   | karnik   | 1983-12-15 | supriya.karnik@gmail.com | 808 Rocky Hill Rd, Plymouth 1993 Cross lane, Boston, 32360        |
| 15 | bandish   | karnik   | 1987-12-30 | bandish.karnik@gmail.com | 118 Lippitt Ave Warwick, 100 S. Main Street, Los Angeles, 12889   |
| 16 | sangita   | karnik   | 1990-12-01 | sangita.karnik@gmail.com | 5973 Moon Shadow Dr. Herriman, null, Atlanta, 2345                |
| 17 | sangita   | menon    | 1989-10-26 | sangita.menon@gmail.com  | 13758 Dogwood St, Trona, null, San Jose, 93562                    |
| 18 | rahul     | shah     | 1982-06-12 | rahul.shah@gmail.com     | 2263 Ga 17 Hwy N, Millen, null, Las Vega, 30442                   |
| 19 | bhavin    | patel    | 1983-11-13 | bhavin.patel@gmail.com   | 321/vimal park, karve road, pune, 411038                          |
| 20 | kaushal   | patil    | 1982-07-30 | kaushal.patil@gmail.com  | Prashant Society, Kothrud, pune, 411038                           |
| 21 | pankaj    | gandhi   | 1982-07-30 | pankaj.gandhi@gmail.com  | 8 vaibhav, Ishadan soc, paud road, Pune                           |
| 22 | rajan     | patel    | 1982-07-30 | rajan.patel@gmail.com    | 9 vaibhav, Ishadan soc, paud road, Pune                           |
| 23 | bhavin    | patel    | 1982-07-30 | bhavin.patel@gmail.com   | 10  vaibhav, Ishadan soc, paud road, Pune                         |
| 24 | mukesh    | bhavsar  | 1982-07-30 | mukesh.bhavsar@gmail.com | 4 vaibhav, Ishadan soc, paud road, Pune                           |
| 25 | dilu      | khande   | 1982-07-30 | dilu.khande@gmail.com    | 7 vaibhav, Ishadan soc, paud road, Pune                           |
| 26 | sonam     | khan     | 1972-05-13 | sonam.khan@gmail.com     | 19 Hempstead St, go streat, MG, Boston, 19077                     |
| 27 | rohit     | patil    | 1976-12-31 | rohit.patil@gmail.com    | 1699 Ken city, P.O. Box 942873, 50 Higuera Street, Oakland, 38060 |
| 28 | raj       | bubber   | 1982-02-28 | raj.bubber@gmail.com     | Po Box 87, Faith, NC, New York, 28045                             |
+----+-----------+----------+------------+--------------------------+-------------------------------------------------------------------+
28 rows in set (0.03 sec)

mysql> select namefirst, namelast, emailID  from student natural join student_qualifications;
+-----------+----------+--------------------------+
| namefirst | namelast | emailID                  |
+-----------+----------+--------------------------+
| saleel    | bagde    | saleel.bagde@gmail.com   |
| omkar     | rokde    | omkar.rakde@gmail.com    |
| ulka      | joshi    | ulka.joshi@gmail.com     |
| rahul     | patil    | rahul.patil@gmail.com    |
| ruhan     | bagde    | ruhan.bagde@gmail.com    |
| lala      | prasad   | lala.prasad@gmail.com    |
| sharmin   | bagde    | sharmin.bagde@gmail.com  |
| vrushali  | bagde    | vrushali.bagde@gmail.com |
| vasant    | khande   | vasant.khande@gmail.com  |
| nitish    | patil    | nitish.patil@gmail.com   |
| neel      | save     | neel.save@gmail.com      |
| deep      | save     | deep.save@gmail.com      |
| nrupali   | save     | nrupali.save@gmail.com   |
| supriya   | karnik   | supriya.karnik@gmail.com |
| bandish   | karnik   | bandish.karnik@gmail.com |
| sangita   | karnik   | sangita.karnik@gmail.com |
| sangita   | menon    | sangita.menon@gmail.com  |
| rahul     | shah     | rahul.shah@gmail.com     |
| bhavin    | patel    | bhavin.patel@gmail.com   |
| kaushal   | patil    | kaushal.patil@gmail.com  |
| pankaj    | gandhi   | pankaj.gandhi@gmail.com  |
| rajan     | patel    | rajan.patel@gmail.com    |
| bhavin    | patel    | bhavin.patel@gmail.com   |
| mukesh    | bhavsar  | mukesh.bhavsar@gmail.com |
| dilu      | khande   | dilu.khande@gmail.com    |
| sonam     | khan     | sonam.khan@gmail.com     |
| rohit     | patil    | rohit.patil@gmail.com    |
| raj       | bubber   | raj.bubber@gmail.com     |
+-----------+----------+--------------------------+
28 rows in set (0.00 sec)

mysql> select  namefirst,  namelast,  emailID, college, university from student natural join student_qualifications  where university='Yale university';
+-----------+----------+-------------------------+---------------+-----------------+
| namefirst | namelast | emailID                 | college       | university      |
+-----------+----------+-------------------------+---------------+-----------------+
| ruhan     | bagde    | ruhan.bagde@gmail.com   | New York      | Yale University |
| lala      | prasad   | lala.prasad@gmail.com   | Arkansas      | Yale University |
| sharmin   | bagde    | sharmin.bagde@gmail.com | Arizona       | Yale University |
| neel      | save     | neel.save@gmail.com     | New Hampshire | Yale University |
| nrupali   | save     | nrupali.save@gmail.com  | Alabama       | Yale University |
| sonam     | khan     | sonam.khan@gmail.com    | Vermont       | Yale University |
| raj       | bubber   | raj.bubber@gmail.com    | Texas         | Yale University |
+-----------+----------+-------------------------+---------------+-----------------+
7 rows in set (0.00 sec)

mysql> select studentID, namefirst, namelast, name, college, university, marks from student natural join student_qualifications where name='BE';
+-----------+-----------+----------+------+----------+-----------------------+-------+
| studentID | namefirst | namelast | name | college  | university            | marks |
+-----------+-----------+----------+------+----------+-----------------------+-------+
|         1 | ulka      | joshi    | BE   | Arizona  | Harvard University    | 68    |
|         3 | vasant    | khande   | BE   | Florida  | University of Florida | 67    |
|         6 | rahul     | shah     | BE   | Indiana  | University of Chicago | 87    |
|         7 | pankaj    | gandhi   | BE   | Kentucky | Harvard University    | 97    |
|         9 | rohit     | patil    | BE   | Kansas   | Columbia University   | 87    |
+-----------+-----------+----------+------+----------+-----------------------+-------+
5 rows in set (0.00 sec)

mysql> select modules.name,modules.duration, course_batches.name from modules join course_batches where course_batches.name='batch1';
+---------------------------+----------+--------+
| name                      | duration | name   |
+---------------------------+----------+--------+
| Oracle                    |        1 | Batch1 |
| PHP                       |        1 | Batch1 |
| MySQL                     |        1 | Batch1 |
| Node                      |        1 | Batch1 |
| C++                       |        1 | Batch1 |
| C                         |        1 | Batch1 |
| JAVA1                     |        2 | Batch1 |
| JAVA2                     |        2 | Batch1 |
| MongoDB                   |        1 | Batch1 |
| NET                       |        2 | Batch1 |
| Hive                      |        1 | Batch1 |
| Python                    |        1 | Batch1 |
| Aptitude                  |        1 | Batch1 |
| OOPs with C++ Programming |        6 | Batch1 |
| Data Structures           |        6 | Batch1 |
| OS Concepts               |        6 | Batch1 |
| iOS Programming           |        6 | Batch1 |
+---------------------------+----------+--------+
17 rows in set (0.05 sec)

mysql> select * from student s join student_phone sp join student_qualifications sq s.id=sq.studentid and s.id = sp.studentid;
ERROR 1064 (42000): You have an error in your SQL syntax; check the manual that corresponds to your MySQL server version for the right syntax to use near 's.id=sq.studentid and s.id = sp.studentid' at line 1
mysql> select * from student s join student_phone sp join student_qualifications sq where s.id=sq.studentid and s.id = sp.studentid;
+----+-----------+----------+------------+--------------------------+----+-----------+------------+----------+----+-----------+--------+---------------+-------------------------+-------+------+
| ID | namefirst | namelast | DOB        | emailID                  | ID | studentID | number     | isActive | ID | studentID | name   | college       | university              | marks | year |
+----+-----------+----------+------------+--------------------------+----+-----------+------------+----------+----+-----------+--------+---------------+-------------------------+-------+------+
|  1 | saleel    | bagde    | 1984-06-12 | saleel.bagde@gmail.com   |  1 |         1 | 7032300034 |        1 |  1 |         1 | 10     | Alabama       | Stanford University     | 67    | 2012 |
|  1 | saleel    | bagde    | 1984-06-12 | saleel.bagde@gmail.com   |  1 |         1 | 7032300034 |        1 |  2 |         1 | 12     | Alaska        | Harvard University      | 74    | 2014 |
|  1 | saleel    | bagde    | 1984-06-12 | saleel.bagde@gmail.com   |  1 |         1 | 7032300034 |        1 |  3 |         1 | BE     | Arizona       | Harvard University      | 68    | 2018 |
|  2 | omkar     | rokde    | 1969-10-25 | omkar.rakde@gmail.com    |  2 |         2 | 7032300039 |        1 |  4 |         2 | 10     | Alaska        | University of Chicago   | 68    | 2013 |
|  2 | omkar     | rokde    | 1969-10-25 | omkar.rakde@gmail.com    |  2 |         2 | 7032300039 |        1 |  5 |         2 | 12     | New York      | Yale University         | 56    | 2015 |
|  2 | omkar     | rokde    | 1969-10-25 | omkar.rakde@gmail.com    |  2 |         2 | 7032300039 |        1 |  6 |         2 | B.Com  | Arkansas      | Yale University         | 64    | 2019 |
|  3 | ulka      | joshi    | 1970-10-25 | ulka.joshi@gmail.com     |  3 |         3 | 7032300050 |        1 |  7 |         3 | 10     | Arizona       | Yale University         | 75    | 2011 |
|  3 | ulka      | joshi    | 1970-10-25 | ulka.joshi@gmail.com     |  3 |         3 | 7032300050 |        1 |  8 |         3 | 12     | California    | California University   | 86    | 2013 |
|  3 | ulka      | joshi    | 1970-10-25 | ulka.joshi@gmail.com     |  3 |         3 | 7032300050 |        1 |  9 |         3 | BE     | Florida       | University of Florida   | 67    | 2017 |
|  4 | rahul     | patil    | 1982-10-31 | rahul.patil@gmail.com    |  4 |         4 | 7032300027 |        1 | 10 |         4 | 10     | Idaho         | Pennsylvania University | 58    | 2010 |
|  4 | rahul     | patil    | 1982-10-31 | rahul.patil@gmail.com    |  4 |         4 | 7032300027 |        1 | 11 |         4 | 12     | New Hampshire | Yale University         | 97    | 2012 |
|  4 | rahul     | patil    | 1982-10-31 | rahul.patil@gmail.com    |  4 |         4 | 7032300027 |        1 | 12 |         4 | M.Com. | Montana       | Columbia University     | 77    | 2016 |
|  5 | ruhan     | bagde    | 1984-01-12 | ruhan.bagde@gmail.com    |  5 |         5 | 7032300001 |        1 | 13 |         5 | 10     | Alabama       | Yale University         | 56    | 2008 |
|  5 | ruhan     | bagde    | 1984-01-12 | ruhan.bagde@gmail.com    |  5 |         5 | 7032300001 |        1 | 14 |         5 | 12     | Michigan      | University of Michigan  | 57    | 2010 |
|  5 | ruhan     | bagde    | 1984-01-12 | ruhan.bagde@gmail.com    |  5 |         5 | 7032300001 |        1 | 15 |         5 | M.Com. | Oklahoma      | Stanford University     | 86    | 2014 |
|  6 | lala      | prasad   | 1980-12-01 | lala.prasad@gmail.com    |  6 |         6 | 7032300079 |        1 | 16 |         6 | 10     | Mississippi   | Harvard University      | 56    | 2009 |
|  6 | lala      | prasad   | 1980-12-01 | lala.prasad@gmail.com    |  6 |         6 | 7032300079 |        1 | 17 |         6 | 12     | Alabama       | Harvard University      | 76    | 2011 |
|  6 | lala      | prasad   | 1980-12-01 | lala.prasad@gmail.com    |  6 |         6 | 7032300079 |        1 | 18 |         6 | BE     | Indiana       | University of Chicago   | 87    | 2015 |
|  7 | sharmin   | bagde    | 1986-12-14 | sharmin.bagde@gmail.com  |  7 |         7 | 7032300081 |        1 | 19 |         7 | 10     | Ohio          | University of Ohio      | 87    | 2011 |
|  7 | sharmin   | bagde    | 1986-12-14 | sharmin.bagde@gmail.com  |  7 |         7 | 7032300081 |        1 | 20 |         7 | 12     | Iowa          | Stanford University     | 78    | 2013 |
|  7 | sharmin   | bagde    | 1986-12-14 | sharmin.bagde@gmail.com  |  7 |         7 | 7032300081 |        1 | 21 |         7 | BE     | Kentucky      | Harvard University      | 97    | 2017 |
|  8 | vrushali  | bagde    | 1984-12-29 | vrushali.bagde@gmail.com |  8 |         8 | 7032300054 |        1 | 22 |         8 | 10     | Maryland      | University Maryland     | 56    | 2010 |
|  8 | vrushali  | bagde    | 1984-12-29 | vrushali.bagde@gmail.com |  8 |         8 | 7032300054 |        1 | 23 |         8 | 12     | Alabama       | California University   | 60    | 2012 |
|  8 | vrushali  | bagde    | 1984-12-29 | vrushali.bagde@gmail.com |  8 |         8 | 7032300054 |        1 | 24 |         8 | M.Com. | Virginia      | University of Florida   | 87    | 2016 |
|  9 | vasant    | khande   | 1992-10-26 | vasant.khande@gmail.com  |  9 |         9 | 7032300059 |        1 | 25 |         9 | 10     | Maine         | Pennsylvania University | 98    | 2012 |
|  9 | vasant    | khande   | 1992-10-26 | vasant.khande@gmail.com  |  9 |         9 | 7032300059 |        1 | 26 |         9 | 12     | Vermont       | Yale University         | 67    | 2014 |
|  9 | vasant    | khande   | 1992-10-26 | vasant.khande@gmail.com  |  9 |         9 | 7032300059 |        1 | 27 |         9 | BE     | Kansas        | Columbia University     | 87    | 2018 |
| 10 | nitish    | patil    | 1990-10-26 | nitish.patil@gmail.com   | 10 |        10 | 7032300086 |        1 | 28 |        10 | 10     | Texas         | Yale University         | 65    | 2012 |
| 10 | nitish    | patil    | 1990-10-26 | nitish.patil@gmail.com   | 10 |        10 | 7032300086 |        1 | 29 |        10 | 12     | Oregon        | University of Michigan  | 76    | 2014 |
| 10 | nitish    | patil    | 1990-10-26 | nitish.patil@gmail.com   | 10 |        10 | 7032300086 |        1 | 30 |        10 | M.Com. | New Mexico    | California University   | 61    | 2018 |
| 11 | neel      | save     | 1975-10-30 | neel.save@gmail.com      | 11 |        11 | 7032300082 |        1 | 31 |        11 | 10     | Nevada        | University of Florida   | 62    | 2011 |
| 11 | neel      | save     | 1975-10-30 | neel.save@gmail.com      | 11 |        11 | 7032300082 |        1 | 32 |        11 | 12     | Indiana       | Pennsylvania University | 63    | 2013 |
| 11 | neel      | save     | 1975-10-30 | neel.save@gmail.com      | 11 |        11 | 7032300082 |        1 | 33 |        11 | M.Com. | Ohio          | University of Ohio      | 56    | 2017 |
| 12 | deep      | save     | 1986-11-30 | deep.save@gmail.com      | 12 |        12 | 7032300042 |        1 | 34 |        12 | 10     | New Hampshire | Yale University         | 75    | 2010 |
| 12 | deep      | save     | 1986-11-30 | deep.save@gmail.com      | 12 |        12 | 7032300042 |        1 | 35 |        12 | 12     | Montana       | Stanford University     | 45    | 2012 |
| 12 | deep      | save     | 1986-11-30 | deep.save@gmail.com      | 12 |        12 | 7032300042 |        1 | 36 |        12 | B.Com. | West Virginia | Harvard University      | 50    | 2016 |
| 13 | nrupali   | save     | 1981-12-01 | nrupali.save@gmail.com   | 13 |        13 | 7032300055 |        1 | 37 |        13 | 10     | Virginia      | Harvard University      | 67    | 2012 |
| 13 | nrupali   | save     | 1981-12-01 | nrupali.save@gmail.com   | 13 |        13 | 7032300055 |        1 | 38 |        13 | 12     | Maine         | University of Chicago   | 78    | 2014 |
| 13 | nrupali   | save     | 1981-12-01 | nrupali.save@gmail.com   | 13 |        13 | 7032300055 |        1 | 39 |        13 | BE     | Texas         | University of Florida   | 68    | 2018 |
| 14 | supriya   | karnik   | 1983-12-15 | supriya.karnik@gmail.com | 14 |        14 | 7032300013 |        1 | 40 |        14 | 10     | Oregon        | University of Florida   | 67    | 2013 |
| 14 | supriya   | karnik   | 1983-12-15 | supriya.karnik@gmail.com | 14 |        14 | 7032300013 |        1 | 41 |        14 | 12     | Florida       | University of Florida   | 87    | 2015 |
| 14 | supriya   | karnik   | 1983-12-15 | supriya.karnik@gmail.com | 14 |        14 | 7032300013 |        1 | 42 |        14 | BE     | Idaho         | Yale University         | 57    | 2019 |
| 15 | bandish   | karnik   | 1987-12-30 | bandish.karnik@gmail.com | 15 |        15 | 7032300099 |        1 | 43 |        15 | 10     | New Hampshire | California University   | 96    | 2011 |
| 15 | bandish   | karnik   | 1987-12-30 | bandish.karnik@gmail.com | 15 |        15 | 7032300099 |        1 | 44 |        15 | 12     | Montana       | University of Florida   | 56    | 2013 |
| 15 | bandish   | karnik   | 1987-12-30 | bandish.karnik@gmail.com | 15 |        15 | 7032300099 |        1 | 45 |        15 | BE     | Alabama       | Pennsylvania University | 65    | 2017 |
| 16 | sangita   | karnik   | 1990-12-01 | sangita.karnik@gmail.com | 16 |        16 | 7032300023 |        1 | 46 |        16 | 10     | Michigan      | University of Michigan  | 76    | 2012 |
| 16 | sangita   | karnik   | 1990-12-01 | sangita.karnik@gmail.com | 16 |        16 | 7032300023 |        1 | 47 |        16 | 12     | Oklahoma      | Columbia University     | 56    | 2014 |
| 16 | sangita   | karnik   | 1990-12-01 | sangita.karnik@gmail.com | 16 |        16 | 7032300023 |        1 | 48 |        16 | BE     | Mississippi   | University of Michigan  | 76    | 2018 |
| 17 | sangita   | menon    | 1989-10-26 | sangita.menon@gmail.com  | 17 |        17 | 7032300084 |        1 | 49 |        17 | 10     | Alabama       | University of Michigan  | 88    | 2013 |
| 17 | sangita   | menon    | 1989-10-26 | sangita.menon@gmail.com  | 17 |        17 | 7032300084 |        1 | 50 |        17 | 12     | Indiana       | University of Michigan  | 76    | 2015 |
| 17 | sangita   | menon    | 1989-10-26 | sangita.menon@gmail.com  | 17 |        17 | 7032300084 |        1 | 51 |        17 | BE     | Ohio          | University of Ohio      | 68    | 2019 |
| 18 | rahul     | shah     | 1982-06-12 | rahul.shah@gmail.com     | 18 |        18 | 7032300011 |        1 | 52 |        18 | 10     | Iowa          | Stanford University     | 86    | 2011 |
| 18 | rahul     | shah     | 1982-06-12 | rahul.shah@gmail.com     | 18 |        18 | 7032300011 |        1 | 53 |        18 | 12     | Kentucky      | Harvard University      | 57    | 2013 |
| 18 | rahul     | shah     | 1982-06-12 | rahul.shah@gmail.com     | 18 |        18 | 7032300011 |        1 | 54 |        18 | BE     | Maryland      | Harvard University      | 75    | 2017 |
| 19 | bhavin    | patel    | 1983-11-13 | bhavin.patel@gmail.com   | 19 |        19 | 7032300066 |        1 | 55 |        19 | 10     | Alabama       | University of Chicago   | 69    | 2013 |
| 19 | bhavin    | patel    | 1983-11-13 | bhavin.patel@gmail.com   | 19 |        19 | 7032300066 |        1 | 56 |        19 | 12     | Virginia      | California University   | 60    | 2015 |
| 19 | bhavin    | patel    | 1983-11-13 | bhavin.patel@gmail.com   | 19 |        19 | 7032300066 |        1 | 57 |        19 | BE     | Maine         | University of Florida   | 61    | 2019 |
| 20 | kaushal   | patil    | 1982-07-30 | kaushal.patil@gmail.com  | 20 |        20 | 7032300096 |        1 | 58 |        20 | 10     | Vermont       | Pennsylvania University | 72    | 2013 |
| 20 | kaushal   | patil    | 1982-07-30 | kaushal.patil@gmail.com  | 20 |        20 | 7032300096 |        1 | 59 |        20 | 12     | Iowa          | Yale University         | 83    | 2015 |
| 20 | kaushal   | patil    | 1982-07-30 | kaushal.patil@gmail.com  | 20 |        20 | 7032300096 |        1 | 60 |        20 | BE     | Maryland      | Columbia University     | 72    | 2019 |
|  1 | saleel    | bagde    | 1984-06-12 | saleel.bagde@gmail.com   | 21 |         1 | 7132300034 |        1 |  1 |         1 | 10     | Alabama       | Stanford University     | 67    | 2012 |
|  1 | saleel    | bagde    | 1984-06-12 | saleel.bagde@gmail.com   | 21 |         1 | 7132300034 |        1 |  2 |         1 | 12     | Alaska        | Harvard University      | 74    | 2014 |
|  1 | saleel    | bagde    | 1984-06-12 | saleel.bagde@gmail.com   | 21 |         1 | 7132300034 |        1 |  3 |         1 | BE     | Arizona       | Harvard University      | 68    | 2018 |
|  2 | omkar     | rokde    | 1969-10-25 | omkar.rakde@gmail.com    | 22 |         2 | 7132300039 |        1 |  4 |         2 | 10     | Alaska        | University of Chicago   | 68    | 2013 |
|  2 | omkar     | rokde    | 1969-10-25 | omkar.rakde@gmail.com    | 22 |         2 | 7132300039 |        1 |  5 |         2 | 12     | New York      | Yale University         | 56    | 2015 |
|  2 | omkar     | rokde    | 1969-10-25 | omkar.rakde@gmail.com    | 22 |         2 | 7132300039 |        1 |  6 |         2 | B.Com  | Arkansas      | Yale University         | 64    | 2019 |
|  3 | ulka      | joshi    | 1970-10-25 | ulka.joshi@gmail.com     | 23 |         3 | 7132300050 |        1 |  7 |         3 | 10     | Arizona       | Yale University         | 75    | 2011 |
|  3 | ulka      | joshi    | 1970-10-25 | ulka.joshi@gmail.com     | 23 |         3 | 7132300050 |        1 |  8 |         3 | 12     | California    | California University   | 86    | 2013 |
|  3 | ulka      | joshi    | 1970-10-25 | ulka.joshi@gmail.com     | 23 |         3 | 7132300050 |        1 |  9 |         3 | BE     | Florida       | University of Florida   | 67    | 2017 |
|  4 | rahul     | patil    | 1982-10-31 | rahul.patil@gmail.com    | 24 |         4 | 7132300027 |        1 | 10 |         4 | 10     | Idaho         | Pennsylvania University | 58    | 2010 |
|  4 | rahul     | patil    | 1982-10-31 | rahul.patil@gmail.com    | 24 |         4 | 7132300027 |        1 | 11 |         4 | 12     | New Hampshire | Yale University         | 97    | 2012 |
|  4 | rahul     | patil    | 1982-10-31 | rahul.patil@gmail.com    | 24 |         4 | 7132300027 |        1 | 12 |         4 | M.Com. | Montana       | Columbia University     | 77    | 2016 |
|  5 | ruhan     | bagde    | 1984-01-12 | ruhan.bagde@gmail.com    | 25 |         5 | 7032300001 |        1 | 13 |         5 | 10     | Alabama       | Yale University         | 56    | 2008 |
|  5 | ruhan     | bagde    | 1984-01-12 | ruhan.bagde@gmail.com    | 25 |         5 | 7032300001 |        1 | 14 |         5 | 12     | Michigan      | University of Michigan  | 57    | 2010 |
|  5 | ruhan     | bagde    | 1984-01-12 | ruhan.bagde@gmail.com    | 25 |         5 | 7032300001 |        1 | 15 |         5 | M.Com. | Oklahoma      | Stanford University     | 86    | 2014 |
|  6 | lala      | prasad   | 1980-12-01 | lala.prasad@gmail.com    | 26 |         6 | 7132300079 |        1 | 16 |         6 | 10     | Mississippi   | Harvard University      | 56    | 2009 |
|  6 | lala      | prasad   | 1980-12-01 | lala.prasad@gmail.com    | 26 |         6 | 7132300079 |        1 | 17 |         6 | 12     | Alabama       | Harvard University      | 76    | 2011 |
|  6 | lala      | prasad   | 1980-12-01 | lala.prasad@gmail.com    | 26 |         6 | 7132300079 |        1 | 18 |         6 | BE     | Indiana       | University of Chicago   | 87    | 2015 |
|  7 | sharmin   | bagde    | 1986-12-14 | sharmin.bagde@gmail.com  | 27 |         7 | 7132300081 |        0 | 19 |         7 | 10     | Ohio          | University of Ohio      | 87    | 2011 |
|  7 | sharmin   | bagde    | 1986-12-14 | sharmin.bagde@gmail.com  | 27 |         7 | 7132300081 |        0 | 20 |         7 | 12     | Iowa          | Stanford University     | 78    | 2013 |
|  7 | sharmin   | bagde    | 1986-12-14 | sharmin.bagde@gmail.com  | 27 |         7 | 7132300081 |        0 | 21 |         7 | BE     | Kentucky      | Harvard University      | 97    | 2017 |
|  8 | vrushali  | bagde    | 1984-12-29 | vrushali.bagde@gmail.com | 28 |         8 | 7132300054 |        0 | 22 |         8 | 10     | Maryland      | University Maryland     | 56    | 2010 |
|  8 | vrushali  | bagde    | 1984-12-29 | vrushali.bagde@gmail.com | 28 |         8 | 7132300054 |        0 | 23 |         8 | 12     | Alabama       | California University   | 60    | 2012 |
|  8 | vrushali  | bagde    | 1984-12-29 | vrushali.bagde@gmail.com | 28 |         8 | 7132300054 |        0 | 24 |         8 | M.Com. | Virginia      | University of Florida   | 87    | 2016 |
|  9 | vasant    | khande   | 1992-10-26 | vasant.khande@gmail.com  | 29 |         9 | 7132300059 |        0 | 25 |         9 | 10     | Maine         | Pennsylvania University | 98    | 2012 |
|  9 | vasant    | khande   | 1992-10-26 | vasant.khande@gmail.com  | 29 |         9 | 7132300059 |        0 | 26 |         9 | 12     | Vermont       | Yale University         | 67    | 2014 |
|  9 | vasant    | khande   | 1992-10-26 | vasant.khande@gmail.com  | 29 |         9 | 7132300059 |        0 | 27 |         9 | BE     | Kansas        | Columbia University     | 87    | 2018 |
| 10 | nitish    | patil    | 1990-10-26 | nitish.patil@gmail.com   | 30 |        10 | 7132300086 |        0 | 28 |        10 | 10     | Texas         | Yale University         | 65    | 2012 |
| 10 | nitish    | patil    | 1990-10-26 | nitish.patil@gmail.com   | 30 |        10 | 7132300086 |        0 | 29 |        10 | 12     | Oregon        | University of Michigan  | 76    | 2014 |
| 10 | nitish    | patil    | 1990-10-26 | nitish.patil@gmail.com   | 30 |        10 | 7132300086 |        0 | 30 |        10 | M.Com. | New Mexico    | California University   | 61    | 2018 |
| 11 | neel      | save     | 1975-10-30 | neel.save@gmail.com      | 31 |        11 | 7132300082 |        0 | 31 |        11 | 10     | Nevada        | University of Florida   | 62    | 2011 |
| 11 | neel      | save     | 1975-10-30 | neel.save@gmail.com      | 31 |        11 | 7132300082 |        0 | 32 |        11 | 12     | Indiana       | Pennsylvania University | 63    | 2013 |
| 11 | neel      | save     | 1975-10-30 | neel.save@gmail.com      | 31 |        11 | 7132300082 |        0 | 33 |        11 | M.Com. | Ohio          | University of Ohio      | 56    | 2017 |
| 12 | deep      | save     | 1986-11-30 | deep.save@gmail.com      | 32 |        12 | 7132300042 |        0 | 34 |        12 | 10     | New Hampshire | Yale University         | 75    | 2010 |
| 12 | deep      | save     | 1986-11-30 | deep.save@gmail.com      | 32 |        12 | 7132300042 |        0 | 35 |        12 | 12     | Montana       | Stanford University     | 45    | 2012 |
| 12 | deep      | save     | 1986-11-30 | deep.save@gmail.com      | 32 |        12 | 7132300042 |        0 | 36 |        12 | B.Com. | West Virginia | Harvard University      | 50    | 2016 |
| 13 | nrupali   | save     | 1981-12-01 | nrupali.save@gmail.com   | 33 |        13 | 7132300055 |        0 | 37 |        13 | 10     | Virginia      | Harvard University      | 67    | 2012 |
| 13 | nrupali   | save     | 1981-12-01 | nrupali.save@gmail.com   | 33 |        13 | 7132300055 |        0 | 38 |        13 | 12     | Maine         | University of Chicago   | 78    | 2014 |
| 13 | nrupali   | save     | 1981-12-01 | nrupali.save@gmail.com   | 33 |        13 | 7132300055 |        0 | 39 |        13 | BE     | Texas         | University of Florida   | 68    | 2018 |
| 13 | nrupali   | save     | 1981-12-01 | nrupali.save@gmail.com   | 34 |        13 | 7132300055 |        0 | 37 |        13 | 10     | Virginia      | Harvard University      | 67    | 2012 |
| 13 | nrupali   | save     | 1981-12-01 | nrupali.save@gmail.com   | 34 |        13 | 7132300055 |        0 | 38 |        13 | 12     | Maine         | University of Chicago   | 78    | 2014 |
| 13 | nrupali   | save     | 1981-12-01 | nrupali.save@gmail.com   | 34 |        13 | 7132300055 |        0 | 39 |        13 | BE     | Texas         | University of Florida   | 68    | 2018 |
| 13 | nrupali   | save     | 1981-12-01 | nrupali.save@gmail.com   | 35 |        13 | 7132300055 |        1 | 37 |        13 | 10     | Virginia      | Harvard University      | 67    | 2012 |
| 13 | nrupali   | save     | 1981-12-01 | nrupali.save@gmail.com   | 35 |        13 | 7132300055 |        1 | 38 |        13 | 12     | Maine         | University of Chicago   | 78    | 2014 |
| 13 | nrupali   | save     | 1981-12-01 | nrupali.save@gmail.com   | 35 |        13 | 7132300055 |        1 | 39 |        13 | BE     | Texas         | University of Florida   | 68    | 2018 |
|  6 | lala      | prasad   | 1980-12-01 | lala.prasad@gmail.com    | 36 |         6 | 7134567123 |        0 | 16 |         6 | 10     | Mississippi   | Harvard University      | 56    | 2009 |
|  6 | lala      | prasad   | 1980-12-01 | lala.prasad@gmail.com    | 36 |         6 | 7134567123 |        0 | 17 |         6 | 12     | Alabama       | Harvard University      | 76    | 2011 |
|  6 | lala      | prasad   | 1980-12-01 | lala.prasad@gmail.com    | 36 |         6 | 7134567123 |        0 | 18 |         6 | BE     | Indiana       | University of Chicago   | 87    | 2015 |
| 21 | pankaj    | gandhi   | 1982-07-30 | pankaj.gandhi@gmail.com  | 37 |        21 | 7156567123 |        1 | 61 |        21 | 10     | Alabama       | Stanford University     | 67    | 2012 |
| 21 | pankaj    | gandhi   | 1982-07-30 | pankaj.gandhi@gmail.com  | 37 |        21 | 7156567123 |        1 | 62 |        21 | 12     | Alaska        | Harvard University      | 74    | 2014 |
| 21 | pankaj    | gandhi   | 1982-07-30 | pankaj.gandhi@gmail.com  | 37 |        21 | 7156567123 |        1 | 63 |        21 | BE     | Arizona       | Harvard University      | 68    | 2018 |
| 22 | rajan     | patel    | 1982-07-30 | rajan.patel@gmail.com    | 38 |        22 | 7156567134 |        1 | 64 |        22 | 10     | Alabama       | Stanford University     | 67    | 2012 |
| 22 | rajan     | patel    | 1982-07-30 | rajan.patel@gmail.com    | 38 |        22 | 7156567134 |        1 | 65 |        22 | 12     | Alaska        | Harvard University      | 74    | 2014 |
| 22 | rajan     | patel    | 1982-07-30 | rajan.patel@gmail.com    | 38 |        22 | 7156567134 |        1 | 66 |        22 | BE     | Arizona       | Harvard University      | 68    | 2018 |
| 23 | bhavin    | patel    | 1982-07-30 | bhavin.patel@gmail.com   | 39 |        23 | 7156563423 |        0 | 67 |        23 | 10     | Alabama       | Stanford University     | 67    | 2012 |
| 23 | bhavin    | patel    | 1982-07-30 | bhavin.patel@gmail.com   | 39 |        23 | 7156563423 |        0 | 68 |        23 | 12     | Alaska        | Harvard University      | 74    | 2014 |
| 23 | bhavin    | patel    | 1982-07-30 | bhavin.patel@gmail.com   | 39 |        23 | 7156563423 |        0 | 69 |        23 | BE     | Arizona       | Harvard University      | 68    | 2018 |
| 24 | mukesh    | bhavsar  | 1982-07-30 | mukesh.bhavsar@gmail.com | 40 |        24 | 7156567183 |        0 | 70 |        24 | 10     | Ohio          | University of Ohio      | 87    | 2011 |
| 24 | mukesh    | bhavsar  | 1982-07-30 | mukesh.bhavsar@gmail.com | 40 |        24 | 7156567183 |        0 | 71 |        24 | 12     | Iowa          | Stanford University     | 78    | 2013 |
| 24 | mukesh    | bhavsar  | 1982-07-30 | mukesh.bhavsar@gmail.com | 40 |        24 | 7156567183 |        0 | 72 |        24 | BE     | Kentucky      | Harvard University      | 97    | 2017 |
| 25 | dilu      | khande   | 1982-07-30 | dilu.khande@gmail.com    | 41 |        25 | 7146566412 |        1 | 73 |        25 | 10     | Ohio          | University of Ohio      | 87    | 2011 |
| 25 | dilu      | khande   | 1982-07-30 | dilu.khande@gmail.com    | 41 |        25 | 7146566412 |        1 | 74 |        25 | 12     | Iowa          | Stanford University     | 78    | 2013 |
| 25 | dilu      | khande   | 1982-07-30 | dilu.khande@gmail.com    | 41 |        25 | 7146566412 |        1 | 75 |        25 | BE     | Kentucky      | Harvard University      | 97    | 2017 |
+----+-----------+----------+------------+--------------------------+----+-----------+------------+----------+----+-----------+--------+---------------+-------------------------+-------+------+
123 rows in set (0.03 sec)

mysql> select * from student s join student_phone sp join student_qualifications sq s.id=sq.studentid and s.id = sp.studentid;
ERROR 1064 (42000): You have an error in your SQL syntax; check the manual that corresponds to your MySQL server version for the right syntax to use near 's.id=sq.studentid and s.id = sp.studentid' at line 1
mysql> select * from student s join student_phone sp join student_qualifications sq where s.id=sq.studentid and s.id = sp.studentid;
+----+-----------+----------+------------+--------------------------+----+-----------+------------+----------+----+-----------+--------+---------------+-------------------------+-------+------+
| ID | namefirst | namelast | DOB        | emailID                  | ID | studentID | number     | isActive | ID | studentID | name   | college       | university              | marks | year |
+----+-----------+----------+------------+--------------------------+----+-----------+------------+----------+----+-----------+--------+---------------+-------------------------+-------+------+
|  1 | saleel    | bagde    | 1984-06-12 | saleel.bagde@gmail.com   |  1 |         1 | 7032300034 |        1 |  1 |         1 | 10     | Alabama       | Stanford University     | 67    | 2012 |
|  1 | saleel    | bagde    | 1984-06-12 | saleel.bagde@gmail.com   |  1 |         1 | 7032300034 |        1 |  2 |         1 | 12     | Alaska        | Harvard University      | 74    | 2014 |
|  1 | saleel    | bagde    | 1984-06-12 | saleel.bagde@gmail.com   |  1 |         1 | 7032300034 |        1 |  3 |         1 | BE     | Arizona       | Harvard University      | 68    | 2018 |
|  2 | omkar     | rokde    | 1969-10-25 | omkar.rakde@gmail.com    |  2 |         2 | 7032300039 |        1 |  4 |         2 | 10     | Alaska        | University of Chicago   | 68    | 2013 |
|  2 | omkar     | rokde    | 1969-10-25 | omkar.rakde@gmail.com    |  2 |         2 | 7032300039 |        1 |  5 |         2 | 12     | New York      | Yale University         | 56    | 2015 |
|  2 | omkar     | rokde    | 1969-10-25 | omkar.rakde@gmail.com    |  2 |         2 | 7032300039 |        1 |  6 |         2 | B.Com  | Arkansas      | Yale University         | 64    | 2019 |
|  3 | ulka      | joshi    | 1970-10-25 | ulka.joshi@gmail.com     |  3 |         3 | 7032300050 |        1 |  7 |         3 | 10     | Arizona       | Yale University         | 75    | 2011 |
|  3 | ulka      | joshi    | 1970-10-25 | ulka.joshi@gmail.com     |  3 |         3 | 7032300050 |        1 |  8 |         3 | 12     | California    | California University   | 86    | 2013 |
|  3 | ulka      | joshi    | 1970-10-25 | ulka.joshi@gmail.com     |  3 |         3 | 7032300050 |        1 |  9 |         3 | BE     | Florida       | University of Florida   | 67    | 2017 |
|  4 | rahul     | patil    | 1982-10-31 | rahul.patil@gmail.com    |  4 |         4 | 7032300027 |        1 | 10 |         4 | 10     | Idaho         | Pennsylvania University | 58    | 2010 |
|  4 | rahul     | patil    | 1982-10-31 | rahul.patil@gmail.com    |  4 |         4 | 7032300027 |        1 | 11 |         4 | 12     | New Hampshire | Yale University         | 97    | 2012 |
|  4 | rahul     | patil    | 1982-10-31 | rahul.patil@gmail.com    |  4 |         4 | 7032300027 |        1 | 12 |         4 | M.Com. | Montana       | Columbia University     | 77    | 2016 |
|  5 | ruhan     | bagde    | 1984-01-12 | ruhan.bagde@gmail.com    |  5 |         5 | 7032300001 |        1 | 13 |         5 | 10     | Alabama       | Yale University         | 56    | 2008 |
|  5 | ruhan     | bagde    | 1984-01-12 | ruhan.bagde@gmail.com    |  5 |         5 | 7032300001 |        1 | 14 |         5 | 12     | Michigan      | University of Michigan  | 57    | 2010 |
|  5 | ruhan     | bagde    | 1984-01-12 | ruhan.bagde@gmail.com    |  5 |         5 | 7032300001 |        1 | 15 |         5 | M.Com. | Oklahoma      | Stanford University     | 86    | 2014 |
|  6 | lala      | prasad   | 1980-12-01 | lala.prasad@gmail.com    |  6 |         6 | 7032300079 |        1 | 16 |         6 | 10     | Mississippi   | Harvard University      | 56    | 2009 |
|  6 | lala      | prasad   | 1980-12-01 | lala.prasad@gmail.com    |  6 |         6 | 7032300079 |        1 | 17 |         6 | 12     | Alabama       | Harvard University      | 76    | 2011 |
|  6 | lala      | prasad   | 1980-12-01 | lala.prasad@gmail.com    |  6 |         6 | 7032300079 |        1 | 18 |         6 | BE     | Indiana       | University of Chicago   | 87    | 2015 |
|  7 | sharmin   | bagde    | 1986-12-14 | sharmin.bagde@gmail.com  |  7 |         7 | 7032300081 |        1 | 19 |         7 | 10     | Ohio          | University of Ohio      | 87    | 2011 |
|  7 | sharmin   | bagde    | 1986-12-14 | sharmin.bagde@gmail.com  |  7 |         7 | 7032300081 |        1 | 20 |         7 | 12     | Iowa          | Stanford University     | 78    | 2013 |
|  7 | sharmin   | bagde    | 1986-12-14 | sharmin.bagde@gmail.com  |  7 |         7 | 7032300081 |        1 | 21 |         7 | BE     | Kentucky      | Harvard University      | 97    | 2017 |
|  8 | vrushali  | bagde    | 1984-12-29 | vrushali.bagde@gmail.com |  8 |         8 | 7032300054 |        1 | 22 |         8 | 10     | Maryland      | University Maryland     | 56    | 2010 |
|  8 | vrushali  | bagde    | 1984-12-29 | vrushali.bagde@gmail.com |  8 |         8 | 7032300054 |        1 | 23 |         8 | 12     | Alabama       | California University   | 60    | 2012 |
|  8 | vrushali  | bagde    | 1984-12-29 | vrushali.bagde@gmail.com |  8 |         8 | 7032300054 |        1 | 24 |         8 | M.Com. | Virginia      | University of Florida   | 87    | 2016 |
|  9 | vasant    | khande   | 1992-10-26 | vasant.khande@gmail.com  |  9 |         9 | 7032300059 |        1 | 25 |         9 | 10     | Maine         | Pennsylvania University | 98    | 2012 |
|  9 | vasant    | khande   | 1992-10-26 | vasant.khande@gmail.com  |  9 |         9 | 7032300059 |        1 | 26 |         9 | 12     | Vermont       | Yale University         | 67    | 2014 |
|  9 | vasant    | khande   | 1992-10-26 | vasant.khande@gmail.com  |  9 |         9 | 7032300059 |        1 | 27 |         9 | BE     | Kansas        | Columbia University     | 87    | 2018 |
| 10 | nitish    | patil    | 1990-10-26 | nitish.patil@gmail.com   | 10 |        10 | 7032300086 |        1 | 28 |        10 | 10     | Texas         | Yale University         | 65    | 2012 |
| 10 | nitish    | patil    | 1990-10-26 | nitish.patil@gmail.com   | 10 |        10 | 7032300086 |        1 | 29 |        10 | 12     | Oregon        | University of Michigan  | 76    | 2014 |
| 10 | nitish    | patil    | 1990-10-26 | nitish.patil@gmail.com   | 10 |        10 | 7032300086 |        1 | 30 |        10 | M.Com. | New Mexico    | California University   | 61    | 2018 |
| 11 | neel      | save     | 1975-10-30 | neel.save@gmail.com      | 11 |        11 | 7032300082 |        1 | 31 |        11 | 10     | Nevada        | University of Florida   | 62    | 2011 |
| 11 | neel      | save     | 1975-10-30 | neel.save@gmail.com      | 11 |        11 | 7032300082 |        1 | 32 |        11 | 12     | Indiana       | Pennsylvania University | 63    | 2013 |
| 11 | neel      | save     | 1975-10-30 | neel.save@gmail.com      | 11 |        11 | 7032300082 |        1 | 33 |        11 | M.Com. | Ohio          | University of Ohio      | 56    | 2017 |
| 12 | deep      | save     | 1986-11-30 | deep.save@gmail.com      | 12 |        12 | 7032300042 |        1 | 34 |        12 | 10     | New Hampshire | Yale University         | 75    | 2010 |
| 12 | deep      | save     | 1986-11-30 | deep.save@gmail.com      | 12 |        12 | 7032300042 |        1 | 35 |        12 | 12     | Montana       | Stanford University     | 45    | 2012 |
| 12 | deep      | save     | 1986-11-30 | deep.save@gmail.com      | 12 |        12 | 7032300042 |        1 | 36 |        12 | B.Com. | West Virginia | Harvard University      | 50    | 2016 |
| 13 | nrupali   | save     | 1981-12-01 | nrupali.save@gmail.com   | 13 |        13 | 7032300055 |        1 | 37 |        13 | 10     | Virginia      | Harvard University      | 67    | 2012 |
| 13 | nrupali   | save     | 1981-12-01 | nrupali.save@gmail.com   | 13 |        13 | 7032300055 |        1 | 38 |        13 | 12     | Maine         | University of Chicago   | 78    | 2014 |
| 13 | nrupali   | save     | 1981-12-01 | nrupali.save@gmail.com   | 13 |        13 | 7032300055 |        1 | 39 |        13 | BE     | Texas         | University of Florida   | 68    | 2018 |
| 14 | supriya   | karnik   | 1983-12-15 | supriya.karnik@gmail.com | 14 |        14 | 7032300013 |        1 | 40 |        14 | 10     | Oregon        | University of Florida   | 67    | 2013 |
| 14 | supriya   | karnik   | 1983-12-15 | supriya.karnik@gmail.com | 14 |        14 | 7032300013 |        1 | 41 |        14 | 12     | Florida       | University of Florida   | 87    | 2015 |
| 14 | supriya   | karnik   | 1983-12-15 | supriya.karnik@gmail.com | 14 |        14 | 7032300013 |        1 | 42 |        14 | BE     | Idaho         | Yale University         | 57    | 2019 |
| 15 | bandish   | karnik   | 1987-12-30 | bandish.karnik@gmail.com | 15 |        15 | 7032300099 |        1 | 43 |        15 | 10     | New Hampshire | California University   | 96    | 2011 |
| 15 | bandish   | karnik   | 1987-12-30 | bandish.karnik@gmail.com | 15 |        15 | 7032300099 |        1 | 44 |        15 | 12     | Montana       | University of Florida   | 56    | 2013 |
| 15 | bandish   | karnik   | 1987-12-30 | bandish.karnik@gmail.com | 15 |        15 | 7032300099 |        1 | 45 |        15 | BE     | Alabama       | Pennsylvania University | 65    | 2017 |
| 16 | sangita   | karnik   | 1990-12-01 | sangita.karnik@gmail.com | 16 |        16 | 7032300023 |        1 | 46 |        16 | 10     | Michigan      | University of Michigan  | 76    | 2012 |
| 16 | sangita   | karnik   | 1990-12-01 | sangita.karnik@gmail.com | 16 |        16 | 7032300023 |        1 | 47 |        16 | 12     | Oklahoma      | Columbia University     | 56    | 2014 |
| 16 | sangita   | karnik   | 1990-12-01 | sangita.karnik@gmail.com | 16 |        16 | 7032300023 |        1 | 48 |        16 | BE     | Mississippi   | University of Michigan  | 76    | 2018 |
| 17 | sangita   | menon    | 1989-10-26 | sangita.menon@gmail.com  | 17 |        17 | 7032300084 |        1 | 49 |        17 | 10     | Alabama       | University of Michigan  | 88    | 2013 |
| 17 | sangita   | menon    | 1989-10-26 | sangita.menon@gmail.com  | 17 |        17 | 7032300084 |        1 | 50 |        17 | 12     | Indiana       | University of Michigan  | 76    | 2015 |
| 17 | sangita   | menon    | 1989-10-26 | sangita.menon@gmail.com  | 17 |        17 | 7032300084 |        1 | 51 |        17 | BE     | Ohio          | University of Ohio      | 68    | 2019 |
| 18 | rahul     | shah     | 1982-06-12 | rahul.shah@gmail.com     | 18 |        18 | 7032300011 |        1 | 52 |        18 | 10     | Iowa          | Stanford University     | 86    | 2011 |
| 18 | rahul     | shah     | 1982-06-12 | rahul.shah@gmail.com     | 18 |        18 | 7032300011 |        1 | 53 |        18 | 12     | Kentucky      | Harvard University      | 57    | 2013 |
| 18 | rahul     | shah     | 1982-06-12 | rahul.shah@gmail.com     | 18 |        18 | 7032300011 |        1 | 54 |        18 | BE     | Maryland      | Harvard University      | 75    | 2017 |
| 19 | bhavin    | patel    | 1983-11-13 | bhavin.patel@gmail.com   | 19 |        19 | 7032300066 |        1 | 55 |        19 | 10     | Alabama       | University of Chicago   | 69    | 2013 |
| 19 | bhavin    | patel    | 1983-11-13 | bhavin.patel@gmail.com   | 19 |        19 | 7032300066 |        1 | 56 |        19 | 12     | Virginia      | California University   | 60    | 2015 |
| 19 | bhavin    | patel    | 1983-11-13 | bhavin.patel@gmail.com   | 19 |        19 | 7032300066 |        1 | 57 |        19 | BE     | Maine         | University of Florida   | 61    | 2019 |
| 20 | kaushal   | patil    | 1982-07-30 | kaushal.patil@gmail.com  | 20 |        20 | 7032300096 |        1 | 58 |        20 | 10     | Vermont       | Pennsylvania University | 72    | 2013 |
| 20 | kaushal   | patil    | 1982-07-30 | kaushal.patil@gmail.com  | 20 |        20 | 7032300096 |        1 | 59 |        20 | 12     | Iowa          | Yale University         | 83    | 2015 |
| 20 | kaushal   | patil    | 1982-07-30 | kaushal.patil@gmail.com  | 20 |        20 | 7032300096 |        1 | 60 |        20 | BE     | Maryland      | Columbia University     | 72    | 2019 |
|  1 | saleel    | bagde    | 1984-06-12 | saleel.bagde@gmail.com   | 21 |         1 | 7132300034 |        1 |  1 |         1 | 10     | Alabama       | Stanford University     | 67    | 2012 |
|  1 | saleel    | bagde    | 1984-06-12 | saleel.bagde@gmail.com   | 21 |         1 | 7132300034 |        1 |  2 |         1 | 12     | Alaska        | Harvard University      | 74    | 2014 |
|  1 | saleel    | bagde    | 1984-06-12 | saleel.bagde@gmail.com   | 21 |         1 | 7132300034 |        1 |  3 |         1 | BE     | Arizona       | Harvard University      | 68    | 2018 |
|  2 | omkar     | rokde    | 1969-10-25 | omkar.rakde@gmail.com    | 22 |         2 | 7132300039 |        1 |  4 |         2 | 10     | Alaska        | University of Chicago   | 68    | 2013 |
|  2 | omkar     | rokde    | 1969-10-25 | omkar.rakde@gmail.com    | 22 |         2 | 7132300039 |        1 |  5 |         2 | 12     | New York      | Yale University         | 56    | 2015 |
|  2 | omkar     | rokde    | 1969-10-25 | omkar.rakde@gmail.com    | 22 |         2 | 7132300039 |        1 |  6 |         2 | B.Com  | Arkansas      | Yale University         | 64    | 2019 |
|  3 | ulka      | joshi    | 1970-10-25 | ulka.joshi@gmail.com     | 23 |         3 | 7132300050 |        1 |  7 |         3 | 10     | Arizona       | Yale University         | 75    | 2011 |
|  3 | ulka      | joshi    | 1970-10-25 | ulka.joshi@gmail.com     | 23 |         3 | 7132300050 |        1 |  8 |         3 | 12     | California    | California University   | 86    | 2013 |
|  3 | ulka      | joshi    | 1970-10-25 | ulka.joshi@gmail.com     | 23 |         3 | 7132300050 |        1 |  9 |         3 | BE     | Florida       | University of Florida   | 67    | 2017 |
|  4 | rahul     | patil    | 1982-10-31 | rahul.patil@gmail.com    | 24 |         4 | 7132300027 |        1 | 10 |         4 | 10     | Idaho         | Pennsylvania University | 58    | 2010 |
|  4 | rahul     | patil    | 1982-10-31 | rahul.patil@gmail.com    | 24 |         4 | 7132300027 |        1 | 11 |         4 | 12     | New Hampshire | Yale University         | 97    | 2012 |
|  4 | rahul     | patil    | 1982-10-31 | rahul.patil@gmail.com    | 24 |         4 | 7132300027 |        1 | 12 |         4 | M.Com. | Montana       | Columbia University     | 77    | 2016 |
|  5 | ruhan     | bagde    | 1984-01-12 | ruhan.bagde@gmail.com    | 25 |         5 | 7032300001 |        1 | 13 |         5 | 10     | Alabama       | Yale University         | 56    | 2008 |
|  5 | ruhan     | bagde    | 1984-01-12 | ruhan.bagde@gmail.com    | 25 |         5 | 7032300001 |        1 | 14 |         5 | 12     | Michigan      | University of Michigan  | 57    | 2010 |
|  5 | ruhan     | bagde    | 1984-01-12 | ruhan.bagde@gmail.com    | 25 |         5 | 7032300001 |        1 | 15 |         5 | M.Com. | Oklahoma      | Stanford University     | 86    | 2014 |
|  6 | lala      | prasad   | 1980-12-01 | lala.prasad@gmail.com    | 26 |         6 | 7132300079 |        1 | 16 |         6 | 10     | Mississippi   | Harvard University      | 56    | 2009 |
|  6 | lala      | prasad   | 1980-12-01 | lala.prasad@gmail.com    | 26 |         6 | 7132300079 |        1 | 17 |         6 | 12     | Alabama       | Harvard University      | 76    | 2011 |
|  6 | lala      | prasad   | 1980-12-01 | lala.prasad@gmail.com    | 26 |         6 | 7132300079 |        1 | 18 |         6 | BE     | Indiana       | University of Chicago   | 87    | 2015 |
|  7 | sharmin   | bagde    | 1986-12-14 | sharmin.bagde@gmail.com  | 27 |         7 | 7132300081 |        0 | 19 |         7 | 10     | Ohio          | University of Ohio      | 87    | 2011 |
|  7 | sharmin   | bagde    | 1986-12-14 | sharmin.bagde@gmail.com  | 27 |         7 | 7132300081 |        0 | 20 |         7 | 12     | Iowa          | Stanford University     | 78    | 2013 |
|  7 | sharmin   | bagde    | 1986-12-14 | sharmin.bagde@gmail.com  | 27 |         7 | 7132300081 |        0 | 21 |         7 | BE     | Kentucky      | Harvard University      | 97    | 2017 |
|  8 | vrushali  | bagde    | 1984-12-29 | vrushali.bagde@gmail.com | 28 |         8 | 7132300054 |        0 | 22 |         8 | 10     | Maryland      | University Maryland     | 56    | 2010 |
|  8 | vrushali  | bagde    | 1984-12-29 | vrushali.bagde@gmail.com | 28 |         8 | 7132300054 |        0 | 23 |         8 | 12     | Alabama       | California University   | 60    | 2012 |
|  8 | vrushali  | bagde    | 1984-12-29 | vrushali.bagde@gmail.com | 28 |         8 | 7132300054 |        0 | 24 |         8 | M.Com. | Virginia      | University of Florida   | 87    | 2016 |
|  9 | vasant    | khande   | 1992-10-26 | vasant.khande@gmail.com  | 29 |         9 | 7132300059 |        0 | 25 |         9 | 10     | Maine         | Pennsylvania University | 98    | 2012 |
|  9 | vasant    | khande   | 1992-10-26 | vasant.khande@gmail.com  | 29 |         9 | 7132300059 |        0 | 26 |         9 | 12     | Vermont       | Yale University         | 67    | 2014 |
|  9 | vasant    | khande   | 1992-10-26 | vasant.khande@gmail.com  | 29 |         9 | 7132300059 |        0 | 27 |         9 | BE     | Kansas        | Columbia University     | 87    | 2018 |
| 10 | nitish    | patil    | 1990-10-26 | nitish.patil@gmail.com   | 30 |        10 | 7132300086 |        0 | 28 |        10 | 10     | Texas         | Yale University         | 65    | 2012 |
| 10 | nitish    | patil    | 1990-10-26 | nitish.patil@gmail.com   | 30 |        10 | 7132300086 |        0 | 29 |        10 | 12     | Oregon        | University of Michigan  | 76    | 2014 |
| 10 | nitish    | patil    | 1990-10-26 | nitish.patil@gmail.com   | 30 |        10 | 7132300086 |        0 | 30 |        10 | M.Com. | New Mexico    | California University   | 61    | 2018 |
| 11 | neel      | save     | 1975-10-30 | neel.save@gmail.com      | 31 |        11 | 7132300082 |        0 | 31 |        11 | 10     | Nevada        | University of Florida   | 62    | 2011 |
| 11 | neel      | save     | 1975-10-30 | neel.save@gmail.com      | 31 |        11 | 7132300082 |        0 | 32 |        11 | 12     | Indiana       | Pennsylvania University | 63    | 2013 |
| 11 | neel      | save     | 1975-10-30 | neel.save@gmail.com      | 31 |        11 | 7132300082 |        0 | 33 |        11 | M.Com. | Ohio          | University of Ohio      | 56    | 2017 |
| 12 | deep      | save     | 1986-11-30 | deep.save@gmail.com      | 32 |        12 | 7132300042 |        0 | 34 |        12 | 10     | New Hampshire | Yale University         | 75    | 2010 |
| 12 | deep      | save     | 1986-11-30 | deep.save@gmail.com      | 32 |        12 | 7132300042 |        0 | 35 |        12 | 12     | Montana       | Stanford University     | 45    | 2012 |
| 12 | deep      | save     | 1986-11-30 | deep.save@gmail.com      | 32 |        12 | 7132300042 |        0 | 36 |        12 | B.Com. | West Virginia | Harvard University      | 50    | 2016 |
| 13 | nrupali   | save     | 1981-12-01 | nrupali.save@gmail.com   | 33 |        13 | 7132300055 |        0 | 37 |        13 | 10     | Virginia      | Harvard University      | 67    | 2012 |
| 13 | nrupali   | save     | 1981-12-01 | nrupali.save@gmail.com   | 33 |        13 | 7132300055 |        0 | 38 |        13 | 12     | Maine         | University of Chicago   | 78    | 2014 |
| 13 | nrupali   | save     | 1981-12-01 | nrupali.save@gmail.com   | 33 |        13 | 7132300055 |        0 | 39 |        13 | BE     | Texas         | University of Florida   | 68    | 2018 |
| 13 | nrupali   | save     | 1981-12-01 | nrupali.save@gmail.com   | 34 |        13 | 7132300055 |        0 | 37 |        13 | 10     | Virginia      | Harvard University      | 67    | 2012 |
| 13 | nrupali   | save     | 1981-12-01 | nrupali.save@gmail.com   | 34 |        13 | 7132300055 |        0 | 38 |        13 | 12     | Maine         | University of Chicago   | 78    | 2014 |
| 13 | nrupali   | save     | 1981-12-01 | nrupali.save@gmail.com   | 34 |        13 | 7132300055 |        0 | 39 |        13 | BE     | Texas         | University of Florida   | 68    | 2018 |
| 13 | nrupali   | save     | 1981-12-01 | nrupali.save@gmail.com   | 35 |        13 | 7132300055 |        1 | 37 |        13 | 10     | Virginia      | Harvard University      | 67    | 2012 |
| 13 | nrupali   | save     | 1981-12-01 | nrupali.save@gmail.com   | 35 |        13 | 7132300055 |        1 | 38 |        13 | 12     | Maine         | University of Chicago   | 78    | 2014 |
| 13 | nrupali   | save     | 1981-12-01 | nrupali.save@gmail.com   | 35 |        13 | 7132300055 |        1 | 39 |        13 | BE     | Texas         | University of Florida   | 68    | 2018 |
|  6 | lala      | prasad   | 1980-12-01 | lala.prasad@gmail.com    | 36 |         6 | 7134567123 |        0 | 16 |         6 | 10     | Mississippi   | Harvard University      | 56    | 2009 |
|  6 | lala      | prasad   | 1980-12-01 | lala.prasad@gmail.com    | 36 |         6 | 7134567123 |        0 | 17 |         6 | 12     | Alabama       | Harvard University      | 76    | 2011 |
|  6 | lala      | prasad   | 1980-12-01 | lala.prasad@gmail.com    | 36 |         6 | 7134567123 |        0 | 18 |         6 | BE     | Indiana       | University of Chicago   | 87    | 2015 |
| 21 | pankaj    | gandhi   | 1982-07-30 | pankaj.gandhi@gmail.com  | 37 |        21 | 7156567123 |        1 | 61 |        21 | 10     | Alabama       | Stanford University     | 67    | 2012 |
| 21 | pankaj    | gandhi   | 1982-07-30 | pankaj.gandhi@gmail.com  | 37 |        21 | 7156567123 |        1 | 62 |        21 | 12     | Alaska        | Harvard University      | 74    | 2014 |
| 21 | pankaj    | gandhi   | 1982-07-30 | pankaj.gandhi@gmail.com  | 37 |        21 | 7156567123 |        1 | 63 |        21 | BE     | Arizona       | Harvard University      | 68    | 2018 |
| 22 | rajan     | patel    | 1982-07-30 | rajan.patel@gmail.com    | 38 |        22 | 7156567134 |        1 | 64 |        22 | 10     | Alabama       | Stanford University     | 67    | 2012 |
| 22 | rajan     | patel    | 1982-07-30 | rajan.patel@gmail.com    | 38 |        22 | 7156567134 |        1 | 65 |        22 | 12     | Alaska        | Harvard University      | 74    | 2014 |
| 22 | rajan     | patel    | 1982-07-30 | rajan.patel@gmail.com    | 38 |        22 | 7156567134 |        1 | 66 |        22 | BE     | Arizona       | Harvard University      | 68    | 2018 |
| 23 | bhavin    | patel    | 1982-07-30 | bhavin.patel@gmail.com   | 39 |        23 | 7156563423 |        0 | 67 |        23 | 10     | Alabama       | Stanford University     | 67    | 2012 |
| 23 | bhavin    | patel    | 1982-07-30 | bhavin.patel@gmail.com   | 39 |        23 | 7156563423 |        0 | 68 |        23 | 12     | Alaska        | Harvard University      | 74    | 2014 |
| 23 | bhavin    | patel    | 1982-07-30 | bhavin.patel@gmail.com   | 39 |        23 | 7156563423 |        0 | 69 |        23 | BE     | Arizona       | Harvard University      | 68    | 2018 |
| 24 | mukesh    | bhavsar  | 1982-07-30 | mukesh.bhavsar@gmail.com | 40 |        24 | 7156567183 |        0 | 70 |        24 | 10     | Ohio          | University of Ohio      | 87    | 2011 |
| 24 | mukesh    | bhavsar  | 1982-07-30 | mukesh.bhavsar@gmail.com | 40 |        24 | 7156567183 |        0 | 71 |        24 | 12     | Iowa          | Stanford University     | 78    | 2013 |
| 24 | mukesh    | bhavsar  | 1982-07-30 | mukesh.bhavsar@gmail.com | 40 |        24 | 7156567183 |        0 | 72 |        24 | BE     | Kentucky      | Harvard University      | 97    | 2017 |
| 25 | dilu      | khande   | 1982-07-30 | dilu.khande@gmail.com    | 41 |        25 | 7146566412 |        1 | 73 |        25 | 10     | Ohio          | University of Ohio      | 87    | 2011 |
| 25 | dilu      | khande   | 1982-07-30 | dilu.khande@gmail.com    | 41 |        25 | 7146566412 |        1 | 74 |        25 | 12     | Iowa          | Stanford University     | 78    | 2013 |
| 25 | dilu      | khande   | 1982-07-30 | dilu.khande@gmail.com    | 41 |        25 | 7146566412 |        1 | 75 |        25 | BE     | Kentucky      | Harvard University      | 97    | 2017 |
+----+-----------+----------+------------+--------------------------+----+-----------+------------+----------+----+-----------+--------+---------------+-------------------------+-------+------+
123 rows in set (0.00 sec)

mysql> select namefirst from student s join course_batches cb join batch_students bs where s.id=bs.studentid and cb.courseid=bs.batchid and name='Batch1';
+-----------+
| namefirst |
+-----------+
| saleel    |
| sharmin   |
| kaushal   |
+-----------+
3 rows in set (0.02 sec)

mysql> select s.*,cb.name from student s join course_batches cb join batch_students bs where s.id=bs.studentid and cb.courseid=bs.batchid and name='Batch1';
+----+-----------+----------+------------+-------------------------+--------+
| ID | namefirst | namelast | DOB        | emailID                 | name   |
+----+-----------+----------+------------+-------------------------+--------+
|  1 | saleel    | bagde    | 1984-06-12 | saleel.bagde@gmail.com  | Batch1 |
|  7 | sharmin   | bagde    | 1986-12-14 | sharmin.bagde@gmail.com | Batch1 |
| 20 | kaushal   | patil    | 1982-07-30 | kaushal.patil@gmail.com | Batch1 |
+----+-----------+----------+------------+-------------------------+--------+
3 rows in set (0.00 sec)

mysql> select * from course c join course_modules cm join modules m where c.id=cm.courseid and m.id=cm.moduleid and c.name='PG-DAC';
+----+--------+----------+---------------------------------+----+----------+----------+----+---------+----------+
| ID | name   | duration | summery                         | ID | courseID | moduleID | ID | name    | duration |
+----+--------+----------+---------------------------------+----+----------+----------+----+---------+----------+
|  1 | PG-DAC |        6 | This course is designed by CDAC |  1 |        1 |        1 |  1 | Oracle  |        1 |
|  1 | PG-DAC |        6 | This course is designed by CDAC |  2 |        1 |        2 |  2 | PHP     |        1 |
|  1 | PG-DAC |        6 | This course is designed by CDAC |  3 |        1 |        3 |  3 | MySQL   |        1 |
|  1 | PG-DAC |        6 | This course is designed by CDAC |  4 |        1 |        4 |  4 | Node    |        1 |
|  1 | PG-DAC |        6 | This course is designed by CDAC |  5 |        1 |        5 |  5 | C++     |        1 |
|  1 | PG-DAC |        6 | This course is designed by CDAC |  6 |        1 |        6 |  6 | C       |        1 |
|  1 | PG-DAC |        6 | This course is designed by CDAC |  7 |        1 |        7 |  7 | JAVA1   |        2 |
|  1 | PG-DAC |        6 | This course is designed by CDAC |  8 |        1 |        8 |  8 | JAVA2   |        2 |
|  1 | PG-DAC |        6 | This course is designed by CDAC |  9 |        1 |        9 |  9 | MongoDB |        1 |
+----+--------+----------+---------------------------------+----+----------+----------+----+---------+----------+
9 rows in set (0.05 sec)

mysql> select namefirst,namelast,cb.name from student s join course_batches cb join batch_students bs where s.id=bs.studentid and cb.courseid=bs.batchid;
+-----------+----------+---------+
| namefirst | namelast | name    |
+-----------+----------+---------+
| saleel    | bagde    | Batch1  |
| sharmin   | bagde    | Batch1  |
| kaushal   | patil    | Batch1  |
| deep      | save     | Batch2  |
| nitish    | patil    | Batch2  |
| rahul     | patil    | Batch3  |
| ruhan     | bagde    | Batch3  |
| kaushal   | patil    | Batch3  |
| bandish   | karnik   | Batch4  |
| lala      | prasad   | Batch4  |
| sangita   | menon    | Batch4  |
| kaushal   | patil    | Batch5  |
| ulka      | joshi    | Batch5  |
| saleel    | bagde    | Batch6  |
| sharmin   | bagde    | Batch6  |
| kaushal   | patil    | Batch6  |
| deep      | save     | Batch7  |
| nitish    | patil    | Batch7  |
| rahul     | patil    | Batch8  |
| ruhan     | bagde    | Batch8  |
| kaushal   | patil    | Batch8  |
| bandish   | karnik   | Batch9  |
| lala      | prasad   | Batch9  |
| sangita   | menon    | Batch9  |
| kaushal   | patil    | Batch10 |
| ulka      | joshi    | Batch10 |
| saleel    | bagde    | Batch11 |
| sharmin   | bagde    | Batch11 |
| kaushal   | patil    | Batch11 |
| deep      | save     | Batch12 |
| nitish    | patil    | Batch12 |
| rahul     | patil    | Batch13 |
| ruhan     | bagde    | Batch13 |
| kaushal   | patil    | Batch13 |
| bandish   | karnik   | Batch14 |
| lala      | prasad   | Batch14 |
| sangita   | menon    | Batch14 |
| kaushal   | patil    | Batch15 |
| ulka      | joshi    | Batch15 |
| saleel    | bagde    | Batch16 |
| sharmin   | bagde    | Batch16 |
| kaushal   | patil    | Batch16 |
| deep      | save     | Batch17 |
| nitish    | patil    | Batch17 |
| rahul     | patil    | Batch18 |
| ruhan     | bagde    | Batch18 |
| kaushal   | patil    | Batch18 |
| bandish   | karnik   | Batch19 |
| lala      | prasad   | Batch19 |
| sangita   | menon    | Batch19 |
| kaushal   | patil    | Batch20 |
| ulka      | joshi    | Batch20 |
| saleel    | bagde    | Batch21 |
| sharmin   | bagde    | Batch21 |
| kaushal   | patil    | Batch21 |
| deep      | save     | Batch22 |
| nitish    | patil    | Batch22 |
| rahul     | patil    | Batch23 |
| ruhan     | bagde    | Batch23 |
| kaushal   | patil    | Batch23 |
| bandish   | karnik   | Batch24 |
| lala      | prasad   | Batch24 |
| sangita   | menon    | Batch24 |
| ulka      | joshi    | Batch25 |
| ruhan     | bagde    | Batch25 |
| saleel    | bagde    | Batch25 |
+-----------+----------+---------+
66 rows in set (0.00 sec)

mysql> select namefirst,namelast,cb.name from student s join course_batches cb join batch_students bs where s.id=bs.studentid and cb.courseid=bs.batchid group by name;
ERROR 1055 (42000): Expression #1 of SELECT list is not in GROUP BY clause and contains nonaggregated column 'dac42.s.namefirst' which is not functionally dependent on columns in GROUP BY clause; this is incompatible with sql_mode=only_full_group_by
mysql> select namefirst,namelast,cb.name from student s join course_batches cb join batch_students bs where s.id=bs.studentid and cb.courseid=bs.batchid group by namefirst;
ERROR 1055 (42000): Expression #2 of SELECT list is not in GROUP BY clause and contains nonaggregated column 'dac42.s.namelast' which is not functionally dependent on columns in GROUP BY clause; this is incompatible with sql_mode=only_full_group_by
mysql> select namefirst,namelast,cb.name from student s join course_batches cb join batch_students bs where s.id=bs.studentid and cb.courseid=bs.batchid group by namefirst,namelast;
ERROR 1055 (42000): Expression #3 of SELECT list is not in GROUP BY clause and contains nonaggregated column 'dac42.cb.name' which is not functionally dependent on columns in GROUP BY clause; this is incompatible with sql_mode=only_full_group_by
mysql> select namefirst,namelast,cb.name from student s join course_batches cb join batch_students bs where s.id=bs.studentid and cb.courseid=bs.batchid group by namefirst,namelast,cb.name;
+-----------+----------+---------+
| namefirst | namelast | name    |
+-----------+----------+---------+
| saleel    | bagde    | Batch1  |
| sharmin   | bagde    | Batch1  |
| kaushal   | patil    | Batch1  |
| deep      | save     | Batch2  |
| nitish    | patil    | Batch2  |
| rahul     | patil    | Batch3  |
| ruhan     | bagde    | Batch3  |
| kaushal   | patil    | Batch3  |
| bandish   | karnik   | Batch4  |
| lala      | prasad   | Batch4  |
| sangita   | menon    | Batch4  |
| kaushal   | patil    | Batch5  |
| ulka      | joshi    | Batch5  |
| saleel    | bagde    | Batch6  |
| sharmin   | bagde    | Batch6  |
| kaushal   | patil    | Batch6  |
| deep      | save     | Batch7  |
| nitish    | patil    | Batch7  |
| rahul     | patil    | Batch8  |
| ruhan     | bagde    | Batch8  |
| kaushal   | patil    | Batch8  |
| bandish   | karnik   | Batch9  |
| lala      | prasad   | Batch9  |
| sangita   | menon    | Batch9  |
| kaushal   | patil    | Batch10 |
| ulka      | joshi    | Batch10 |
| saleel    | bagde    | Batch11 |
| sharmin   | bagde    | Batch11 |
| kaushal   | patil    | Batch11 |
| deep      | save     | Batch12 |
| nitish    | patil    | Batch12 |
| rahul     | patil    | Batch13 |
| ruhan     | bagde    | Batch13 |
| kaushal   | patil    | Batch13 |
| bandish   | karnik   | Batch14 |
| lala      | prasad   | Batch14 |
| sangita   | menon    | Batch14 |
| kaushal   | patil    | Batch15 |
| ulka      | joshi    | Batch15 |
| saleel    | bagde    | Batch16 |
| sharmin   | bagde    | Batch16 |
| kaushal   | patil    | Batch16 |
| deep      | save     | Batch17 |
| nitish    | patil    | Batch17 |
| rahul     | patil    | Batch18 |
| ruhan     | bagde    | Batch18 |
| kaushal   | patil    | Batch18 |
| bandish   | karnik   | Batch19 |
| lala      | prasad   | Batch19 |
| sangita   | menon    | Batch19 |
| kaushal   | patil    | Batch20 |
| ulka      | joshi    | Batch20 |
| saleel    | bagde    | Batch21 |
| sharmin   | bagde    | Batch21 |
| kaushal   | patil    | Batch21 |
| deep      | save     | Batch22 |
| nitish    | patil    | Batch22 |
| rahul     | patil    | Batch23 |
| ruhan     | bagde    | Batch23 |
| kaushal   | patil    | Batch23 |
| bandish   | karnik   | Batch24 |
| lala      | prasad   | Batch24 |
| sangita   | menon    | Batch24 |
| ulka      | joshi    | Batch25 |
| ruhan     | bagde    | Batch25 |
| saleel    | bagde    | Batch25 |
+-----------+----------+---------+
66 rows in set (0.00 sec)

mysql> select namefirst,namelast,cb.name from student s join course_batches cb join batch_students bs where s.id=bs.studentid and cb.courseid=bs.batchid group by name,namefirst,namelast;
+-----------+----------+---------+
| namefirst | namelast | name    |
+-----------+----------+---------+
| saleel    | bagde    | Batch1  |
| sharmin   | bagde    | Batch1  |
| kaushal   | patil    | Batch1  |
| deep      | save     | Batch2  |
| nitish    | patil    | Batch2  |
| rahul     | patil    | Batch3  |
| ruhan     | bagde    | Batch3  |
| kaushal   | patil    | Batch3  |
| bandish   | karnik   | Batch4  |
| lala      | prasad   | Batch4  |
| sangita   | menon    | Batch4  |
| kaushal   | patil    | Batch5  |
| ulka      | joshi    | Batch5  |
| saleel    | bagde    | Batch6  |
| sharmin   | bagde    | Batch6  |
| kaushal   | patil    | Batch6  |
| deep      | save     | Batch7  |
| nitish    | patil    | Batch7  |
| rahul     | patil    | Batch8  |
| ruhan     | bagde    | Batch8  |
| kaushal   | patil    | Batch8  |
| bandish   | karnik   | Batch9  |
| lala      | prasad   | Batch9  |
| sangita   | menon    | Batch9  |
| kaushal   | patil    | Batch10 |
| ulka      | joshi    | Batch10 |
| saleel    | bagde    | Batch11 |
| sharmin   | bagde    | Batch11 |
| kaushal   | patil    | Batch11 |
| deep      | save     | Batch12 |
| nitish    | patil    | Batch12 |
| rahul     | patil    | Batch13 |
| ruhan     | bagde    | Batch13 |
| kaushal   | patil    | Batch13 |
| bandish   | karnik   | Batch14 |
| lala      | prasad   | Batch14 |
| sangita   | menon    | Batch14 |
| kaushal   | patil    | Batch15 |
| ulka      | joshi    | Batch15 |
| saleel    | bagde    | Batch16 |
| sharmin   | bagde    | Batch16 |
| kaushal   | patil    | Batch16 |
| deep      | save     | Batch17 |
| nitish    | patil    | Batch17 |
| rahul     | patil    | Batch18 |
| ruhan     | bagde    | Batch18 |
| kaushal   | patil    | Batch18 |
| bandish   | karnik   | Batch19 |
| lala      | prasad   | Batch19 |
| sangita   | menon    | Batch19 |
| kaushal   | patil    | Batch20 |
| ulka      | joshi    | Batch20 |
| saleel    | bagde    | Batch21 |
| sharmin   | bagde    | Batch21 |
| kaushal   | patil    | Batch21 |
| deep      | save     | Batch22 |
| nitish    | patil    | Batch22 |
| rahul     | patil    | Batch23 |
| ruhan     | bagde    | Batch23 |
| kaushal   | patil    | Batch23 |
| bandish   | karnik   | Batch24 |
| lala      | prasad   | Batch24 |
| sangita   | menon    | Batch24 |
| ulka      | joshi    | Batch25 |
| ruhan     | bagde    | Batch25 |
| saleel    | bagde    | Batch25 |
+-----------+----------+---------+
66 rows in set (0.00 sec)

mysql> select namefirst,namelast,cb.name from student s , course_batches cb , batch_students bs where s.id=bs.studentid and cb.courseid=bs.batchid group by name,namefirst,namelast;
+-----------+----------+---------+
| namefirst | namelast | name    |
+-----------+----------+---------+
| saleel    | bagde    | Batch1  |
| sharmin   | bagde    | Batch1  |
| kaushal   | patil    | Batch1  |
| deep      | save     | Batch2  |
| nitish    | patil    | Batch2  |
| rahul     | patil    | Batch3  |
| ruhan     | bagde    | Batch3  |
| kaushal   | patil    | Batch3  |
| bandish   | karnik   | Batch4  |
| lala      | prasad   | Batch4  |
| sangita   | menon    | Batch4  |
| kaushal   | patil    | Batch5  |
| ulka      | joshi    | Batch5  |
| saleel    | bagde    | Batch6  |
| sharmin   | bagde    | Batch6  |
| kaushal   | patil    | Batch6  |
| deep      | save     | Batch7  |
| nitish    | patil    | Batch7  |
| rahul     | patil    | Batch8  |
| ruhan     | bagde    | Batch8  |
| kaushal   | patil    | Batch8  |
| bandish   | karnik   | Batch9  |
| lala      | prasad   | Batch9  |
| sangita   | menon    | Batch9  |
| kaushal   | patil    | Batch10 |
| ulka      | joshi    | Batch10 |
| saleel    | bagde    | Batch11 |
| sharmin   | bagde    | Batch11 |
| kaushal   | patil    | Batch11 |
| deep      | save     | Batch12 |
| nitish    | patil    | Batch12 |
| rahul     | patil    | Batch13 |
| ruhan     | bagde    | Batch13 |
| kaushal   | patil    | Batch13 |
| bandish   | karnik   | Batch14 |
| lala      | prasad   | Batch14 |
| sangita   | menon    | Batch14 |
| kaushal   | patil    | Batch15 |
| ulka      | joshi    | Batch15 |
| saleel    | bagde    | Batch16 |
| sharmin   | bagde    | Batch16 |
| kaushal   | patil    | Batch16 |
| deep      | save     | Batch17 |
| nitish    | patil    | Batch17 |
| rahul     | patil    | Batch18 |
| ruhan     | bagde    | Batch18 |
| kaushal   | patil    | Batch18 |
| bandish   | karnik   | Batch19 |
| lala      | prasad   | Batch19 |
| sangita   | menon    | Batch19 |
| kaushal   | patil    | Batch20 |
| ulka      | joshi    | Batch20 |
| saleel    | bagde    | Batch21 |
| sharmin   | bagde    | Batch21 |
| kaushal   | patil    | Batch21 |
| deep      | save     | Batch22 |
| nitish    | patil    | Batch22 |
| rahul     | patil    | Batch23 |
| ruhan     | bagde    | Batch23 |
| kaushal   | patil    | Batch23 |
| bandish   | karnik   | Batch24 |
| lala      | prasad   | Batch24 |
| sangita   | menon    | Batch24 |
| ulka      | joshi    | Batch25 |
| ruhan     | bagde    | Batch25 |
| saleel    | bagde    | Batch25 |
+-----------+----------+---------+
66 rows in set (0.00 sec)

mysql> select namefirst,namelast,cb.name from student s join course_batches cb join batch_students bs where s.id=bs.studentid and cb.id=bs.batchid group by name,namefirst,namelast;
+-----------+----------+---------+
| namefirst | namelast | name    |
+-----------+----------+---------+
| saleel    | bagde    | Batch1  |
| ruhan     | bagde    | Batch7  |
| rahul     | patil    | Batch3  |
| ulka      | joshi    | Batch6  |
| lala      | prasad   | Batch10 |
| vrushali  | bagde    | Batch17 |
| deep      | save     | Batch20 |
| sharmin   | bagde    | Batch1  |
| deep      | save     | Batch2  |
| bandish   | karnik   | Batch4  |
| kaushal   | patil    | Batch5  |
| ruhan     | bagde    | Batch6  |
| ulka      | joshi    | Batch7  |
| kaushal   | patil    | Batch1  |
| nitish    | patil    | Batch2  |
| ruhan     | bagde    | Batch3  |
| lala      | prasad   | Batch4  |
| ulka      | joshi    | Batch5  |
| saleel    | bagde    | Batch6  |
| nitish    | patil    | Batch12 |
| sangita   | menon    | Batch15 |
| rahul     | shah     | Batch15 |
| rahul     | shah     | Batch16 |
| deep      | save     | Batch17 |
| kaushal   | patil    | Batch3  |
| sangita   | menon    | Batch4  |
+-----------+----------+---------+
26 rows in set (0.00 sec)

mysql> select namefirst,namelast,number,emailid from student s join student_phone sp s.id=sp.studentid and studentid=13;
ERROR 1064 (42000): You have an error in your SQL syntax; check the manual that corresponds to your MySQL server version for the right syntax to use near 's.id=sp.studentid and studentid=13' at line 1
mysql> select namefirst,namelast,number,emailid from student s join student_phone sp where s.id=sp.studentid and studentid=13;
+-----------+----------+------------+------------------------+
| namefirst | namelast | number     | emailid                |
+-----------+----------+------------+------------------------+
| nrupali   | save     | 7032300055 | nrupali.save@gmail.com |
| nrupali   | save     | 7132300055 | nrupali.save@gmail.com |
| nrupali   | save     | 7132300055 | nrupali.save@gmail.com |
| nrupali   | save     | 7132300055 | nrupali.save@gmail.com |
+-----------+----------+------------+------------------------+
4 rows in set (0.02 sec)

mysql> select id,namefirst,namelast,number,emailid from student s join student_phone sp where s.id=sp.studentid and studentid=13;
ERROR 1052 (23000): Column 'id' in field list is ambiguous
mysql> select s.id,namefirst,namelast,number,emailid from student s join student_phone sp where s.id=sp.studentid and studentid=13;
+----+-----------+----------+------------+------------------------+
| id | namefirst | namelast | number     | emailid                |
+----+-----------+----------+------------+------------------------+
| 13 | nrupali   | save     | 7032300055 | nrupali.save@gmail.com |
| 13 | nrupali   | save     | 7132300055 | nrupali.save@gmail.com |
| 13 | nrupali   | save     | 7132300055 | nrupali.save@gmail.com |
| 13 | nrupali   | save     | 7132300055 | nrupali.save@gmail.com |
+----+-----------+----------+------------+------------------------+
4 rows in set (0.00 sec)

mysql> select s.id,namefirst,namelast,number,emailid from student s join student_phone sp where s.id=sp.studentid and studentid=13 group by s.id;
ERROR 1055 (42000): Expression #4 of SELECT list is not in GROUP BY clause and contains nonaggregated column 'dac42.sp.number' which is not functionally dependent on columns in GROUP BY clause; this is incompatible with sql_mode=only_full_group_by
mysql> select s.id,namefirst,namelast,number,emailid from student s join student_phone sp where s.id=sp.studentid and studentid=13 group by sp.number;
+----+-----------+----------+------------+------------------------+
| id | namefirst | namelast | number     | emailid                |
+----+-----------+----------+------------+------------------------+
| 13 | nrupali   | save     | 7032300055 | nrupali.save@gmail.com |
| 13 | nrupali   | save     | 7132300055 | nrupali.save@gmail.com |
+----+-----------+----------+------------+------------------------+
2 rows in set (0.00 sec)

mysql> select s.id,namefirst,namelast,number,emailid from student s join student_phone sp where s.id=sp.studentid;
+----+-----------+----------+------------+--------------------------+
| id | namefirst | namelast | number     | emailid                  |
+----+-----------+----------+------------+--------------------------+
|  1 | saleel    | bagde    | 7032300034 | saleel.bagde@gmail.com   |
|  2 | omkar     | rokde    | 7032300039 | omkar.rakde@gmail.com    |
|  3 | ulka      | joshi    | 7032300050 | ulka.joshi@gmail.com     |
|  4 | rahul     | patil    | 7032300027 | rahul.patil@gmail.com    |
|  5 | ruhan     | bagde    | 7032300001 | ruhan.bagde@gmail.com    |
|  6 | lala      | prasad   | 7032300079 | lala.prasad@gmail.com    |
|  7 | sharmin   | bagde    | 7032300081 | sharmin.bagde@gmail.com  |
|  8 | vrushali  | bagde    | 7032300054 | vrushali.bagde@gmail.com |
|  9 | vasant    | khande   | 7032300059 | vasant.khande@gmail.com  |
| 10 | nitish    | patil    | 7032300086 | nitish.patil@gmail.com   |
| 11 | neel      | save     | 7032300082 | neel.save@gmail.com      |
| 12 | deep      | save     | 7032300042 | deep.save@gmail.com      |
| 13 | nrupali   | save     | 7032300055 | nrupali.save@gmail.com   |
| 14 | supriya   | karnik   | 7032300013 | supriya.karnik@gmail.com |
| 15 | bandish   | karnik   | 7032300099 | bandish.karnik@gmail.com |
| 16 | sangita   | karnik   | 7032300023 | sangita.karnik@gmail.com |
| 17 | sangita   | menon    | 7032300084 | sangita.menon@gmail.com  |
| 18 | rahul     | shah     | 7032300011 | rahul.shah@gmail.com     |
| 19 | bhavin    | patel    | 7032300066 | bhavin.patel@gmail.com   |
| 20 | kaushal   | patil    | 7032300096 | kaushal.patil@gmail.com  |
|  1 | saleel    | bagde    | 7132300034 | saleel.bagde@gmail.com   |
|  2 | omkar     | rokde    | 7132300039 | omkar.rakde@gmail.com    |
|  3 | ulka      | joshi    | 7132300050 | ulka.joshi@gmail.com     |
|  4 | rahul     | patil    | 7132300027 | rahul.patil@gmail.com    |
|  5 | ruhan     | bagde    | 7032300001 | ruhan.bagde@gmail.com    |
|  6 | lala      | prasad   | 7132300079 | lala.prasad@gmail.com    |
|  7 | sharmin   | bagde    | 7132300081 | sharmin.bagde@gmail.com  |
|  8 | vrushali  | bagde    | 7132300054 | vrushali.bagde@gmail.com |
|  9 | vasant    | khande   | 7132300059 | vasant.khande@gmail.com  |
| 10 | nitish    | patil    | 7132300086 | nitish.patil@gmail.com   |
| 11 | neel      | save     | 7132300082 | neel.save@gmail.com      |
| 12 | deep      | save     | 7132300042 | deep.save@gmail.com      |
| 13 | nrupali   | save     | 7132300055 | nrupali.save@gmail.com   |
| 13 | nrupali   | save     | 7132300055 | nrupali.save@gmail.com   |
| 13 | nrupali   | save     | 7132300055 | nrupali.save@gmail.com   |
|  6 | lala      | prasad   | 7134567123 | lala.prasad@gmail.com    |
| 21 | pankaj    | gandhi   | 7156567123 | pankaj.gandhi@gmail.com  |
| 22 | rajan     | patel    | 7156567134 | rajan.patel@gmail.com    |
| 23 | bhavin    | patel    | 7156563423 | bhavin.patel@gmail.com   |
| 24 | mukesh    | bhavsar  | 7156567183 | mukesh.bhavsar@gmail.com |
| 25 | dilu      | khande   | 7146566412 | dilu.khande@gmail.com    |
+----+-----------+----------+------------+--------------------------+
41 rows in set (0.00 sec)

mysql> select s.id,namefirst,namelast,count(number) from student s join student_phone sp where s.id=sp.studentid;
ERROR 1140 (42000): In aggregated query without GROUP BY, expression #1 of SELECT list contains nonaggregated column 'dac42.s.ID'; this is incompatible with sql_mode=only_full_group_by
mysql> select namefirst,count(number) from student s join student_phone sp where s.id=sp.studentid;
ERROR 1140 (42000): In aggregated query without GROUP BY, expression #1 of SELECT list contains nonaggregated column 'dac42.s.namefirst'; this is incompatible with sql_mode=only_full_group_by
mysql> select namefirst,count(number) from student s join student_phone sp where s.id=sp.studentid group by namefirst;
+-----------+---------------+
| namefirst | count(number) |
+-----------+---------------+
| saleel    |             2 |
| omkar     |             2 |
| ulka      |             2 |
| rahul     |             3 |
| ruhan     |             2 |
| lala      |             3 |
| sharmin   |             2 |
| vrushali  |             2 |
| vasant    |             2 |
| nitish    |             2 |
| neel      |             2 |
| deep      |             2 |
| nrupali   |             4 |
| supriya   |             1 |
| bandish   |             1 |
| sangita   |             2 |
| bhavin    |             2 |
| kaushal   |             1 |
| pankaj    |             1 |
| rajan     |             1 |
| mukesh    |             1 |
| dilu      |             1 |
+-----------+---------------+
22 rows in set (0.00 sec)

mysql> select namefirst,namelast,cb.name from student s join course_batches cb join batch_students bs where s.id=bs.studentid and cb.id=bs.batchid group by name,namefirst,namelast;
+-----------+----------+---------+
| namefirst | namelast | name    |
+-----------+----------+---------+
| saleel    | bagde    | Batch1  |
| ruhan     | bagde    | Batch7  |
| rahul     | patil    | Batch3  |
| ulka      | joshi    | Batch6  |
| lala      | prasad   | Batch10 |
| vrushali  | bagde    | Batch17 |
| deep      | save     | Batch20 |
| sharmin   | bagde    | Batch1  |
| deep      | save     | Batch2  |
| bandish   | karnik   | Batch4  |
| kaushal   | patil    | Batch5  |
| ruhan     | bagde    | Batch6  |
| ulka      | joshi    | Batch7  |
| kaushal   | patil    | Batch1  |
| nitish    | patil    | Batch2  |
| ruhan     | bagde    | Batch3  |
| lala      | prasad   | Batch4  |
| ulka      | joshi    | Batch5  |
| saleel    | bagde    | Batch6  |
| nitish    | patil    | Batch12 |
| sangita   | menon    | Batch15 |
| rahul     | shah     | Batch15 |
| rahul     | shah     | Batch16 |
| deep      | save     | Batch17 |
| kaushal   | patil    | Batch3  |
| sangita   | menon    | Batch4  |
+-----------+----------+---------+
26 rows in set (0.00 sec)

mysql> select namefirst, namelast, DOB, address, name, college, university, marks, year from student s join student_address sa join student_qualifications sq where s.id=sa.studentid and s.id=sq.studentid;
+-----------+----------+------------+-------------------------------------------------------------------+--------+---------------+-------------------------+-------+------+
| namefirst | namelast | DOB        | address                                                           | name   | college       | university              | marks | year |
+-----------+----------+------------+-------------------------------------------------------------------+--------+---------------+-------------------------+-------+------+
| saleel    | bagde    | 1984-06-12 | 13758 Dogwood, St, Trona, CA, Los Angeles, 93562                  | 10     | Alabama       | Stanford University     | 67    | 2012 |
| saleel    | bagde    | 1984-06-12 | 13758 Dogwood, St, Trona, CA, Los Angeles, 93562                  | 12     | Alaska        | Harvard University      | 74    | 2014 |
| saleel    | bagde    | 1984-06-12 | 13758 Dogwood, St, Trona, CA, Los Angeles, 93562                  | BE     | Arizona       | Harvard University      | 68    | 2018 |
| omkar     | rokde    | 1969-10-25 | 2263 Ga 17 Hwy N, Millen, GA, Atlanta, 30442                      | 10     | Alaska        | University of Chicago   | 68    | 2013 |
| omkar     | rokde    | 1969-10-25 | 2263 Ga 17 Hwy N, Millen, GA, Atlanta, 30442                      | 12     | New York      | Yale University         | 56    | 2015 |
| omkar     | rokde    | 1969-10-25 | 2263 Ga 17 Hwy N, Millen, GA, Atlanta, 30442                      | B.Com  | Arkansas      | Yale University         | 64    | 2019 |
| ulka      | joshi    | 1970-10-25 | 409 Berry St, Louisa, KY, San Jose, 41230                         | 10     | Arizona       | Yale University         | 75    | 2011 |
| ulka      | joshi    | 1970-10-25 | 409 Berry St, Louisa, KY, San Jose, 41230                         | 12     | California    | California University   | 86    | 2013 |
| ulka      | joshi    | 1970-10-25 | 409 Berry St, Louisa, KY, San Jose, 41230                         | BE     | Florida       | University of Florida   | 67    | 2017 |
| rahul     | patil    | 1982-10-31 | 7720 Covington Rd, Pink Stand, TN, San Francisco, 37188           | 10     | Idaho         | Pennsylvania University | 58    | 2010 |
| rahul     | patil    | 1982-10-31 | 7720 Covington Rd, Pink Stand, TN, San Francisco, 37188           | 12     | New Hampshire | Yale University         | 97    | 2012 |
| rahul     | patil    | 1982-10-31 | 7720 Covington Rd, Pink Stand, TN, San Francisco, 37188           | M.Com. | Montana       | Columbia University     | 77    | 2016 |
| ruhan     | bagde    | 1984-01-12 | 15 Hempstead, St, Saugus, MA, Las Vega, 1906                      | 10     | Alabama       | Yale University         | 56    | 2008 |
| ruhan     | bagde    | 1984-01-12 | 15 Hempstead, St, Saugus, MA, Las Vega, 1906                      | 12     | Michigan      | University of Michigan  | 57    | 2010 |
| ruhan     | bagde    | 1984-01-12 | 15 Hempstead, St, Saugus, MA, Las Vega, 1906                      | M.Com. | Oklahoma      | Stanford University     | 86    | 2014 |
| lala      | prasad   | 1980-12-01 | 165 Village Dr., P.O. Box 3700, Oakland, TN, Oakland, 38060       | 10     | Mississippi   | Harvard University      | 56    | 2009 |
| lala      | prasad   | 1980-12-01 | 165 Village Dr., P.O. Box 3700, Oakland, TN, Oakland, 38060       | 12     | Alabama       | Harvard University      | 76    | 2011 |
| lala      | prasad   | 1980-12-01 | 165 Village Dr., P.O. Box 3700, Oakland, TN, Oakland, 38060       | BE     | Indiana       | University of Chicago   | 87    | 2015 |
| sharmin   | bagde    | 1986-12-14 | Po Box 83, Faith, NC, New Jersey, 28041                           | 10     | Ohio          | University of Ohio      | 87    | 2011 |
| sharmin   | bagde    | 1986-12-14 | Po Box 83, Faith, NC, New Jersey, 28041                           | 12     | Iowa          | Stanford University     | 78    | 2013 |
| sharmin   | bagde    | 1986-12-14 | Po Box 83, Faith, NC, New Jersey, 28041                           | BE     | Kentucky      | Harvard University      | 97    | 2017 |
| vrushali  | bagde    | 1984-12-29 | 3402 Buccaneer Rose Ave, Bakersfield, CA, Boston, 93313           | 10     | Maryland      | University Maryland     | 56    | 2010 |
| vrushali  | bagde    | 1984-12-29 | 3402 Buccaneer Rose Ave, Bakersfield, CA, Boston, 93313           | 12     | Alabama       | California University   | 60    | 2012 |
| vrushali  | bagde    | 1984-12-29 | 3402 Buccaneer Rose Ave, Bakersfield, CA, Boston, 93313           | M.Com. | Virginia      | University of Florida   | 87    | 2016 |
| vasant    | khande   | 1992-10-26 | Po Box 77, Linking Road, UK                                       | 10     | Maine         | Pennsylvania University | 98    | 2012 |
| vasant    | khande   | 1992-10-26 | Po Box 77, Linking Road, UK                                       | 12     | Vermont       | Yale University         | 67    | 2014 |
| vasant    | khande   | 1992-10-26 | Po Box 77, Linking Road, UK                                       | BE     | Kansas        | Columbia University     | 87    | 2018 |
| nitish    | patil    | 1990-10-26 | 7710 Covington Rd , New State Road, New York, 37188               | 10     | Texas         | Yale University         | 65    | 2012 |
| nitish    | patil    | 1990-10-26 | 7710 Covington Rd , New State Road, New York, 37188               | 12     | Oregon        | University of Michigan  | 76    | 2014 |
| nitish    | patil    | 1990-10-26 | 7710 Covington Rd , New State Road, New York, 37188               | M.Com. | New Mexico    | California University   | 61    | 2018 |
| neel      | save     | 1975-10-30 | 15 Hempstead St, Saugus, MA, Boston, 1906                         | 10     | Nevada        | University of Florida   | 62    | 2011 |
| neel      | save     | 1975-10-30 | 15 Hempstead St, Saugus, MA, Boston, 1906                         | 12     | Indiana       | Pennsylvania University | 63    | 2013 |
| neel      | save     | 1975-10-30 | 15 Hempstead St, Saugus, MA, Boston, 1906                         | M.Com. | Ohio          | University of Ohio      | 56    | 2017 |
| deep      | save     | 1986-11-30 | 165 Ken city, P.O. Box 942873, 50 Higuera Street, Oakland, 38060  | 10     | New Hampshire | Yale University         | 75    | 2010 |
| deep      | save     | 1986-11-30 | 165 Ken city, P.O. Box 942873, 50 Higuera Street, Oakland, 38060  | 12     | Montana       | Stanford University     | 45    | 2012 |
| deep      | save     | 1986-11-30 | 165 Ken city, P.O. Box 942873, 50 Higuera Street, Oakland, 38060  | B.Com. | West Virginia | Harvard University      | 50    | 2016 |
| nrupali   | save     | 1981-12-01 | Po Box 83, Faith, NC, null, New York, 28041                       | 10     | Virginia      | Harvard University      | 67    | 2012 |
| nrupali   | save     | 1981-12-01 | Po Box 83, Faith, NC, null, New York, 28041                       | 12     | Maine         | University of Chicago   | 78    | 2014 |
| nrupali   | save     | 1981-12-01 | Po Box 83, Faith, NC, null, New York, 28041                       | BE     | Texas         | University of Florida   | 68    | 2018 |
| supriya   | karnik   | 1983-12-15 | 808 Rocky Hill Rd, Plymouth 1993 Cross lane, Boston, 32360        | 10     | Oregon        | University of Florida   | 67    | 2013 |
| supriya   | karnik   | 1983-12-15 | 808 Rocky Hill Rd, Plymouth 1993 Cross lane, Boston, 32360        | 12     | Florida       | University of Florida   | 87    | 2015 |
| supriya   | karnik   | 1983-12-15 | 808 Rocky Hill Rd, Plymouth 1993 Cross lane, Boston, 32360        | BE     | Idaho         | Yale University         | 57    | 2019 |
| bandish   | karnik   | 1987-12-30 | 118 Lippitt Ave Warwick, 100 S. Main Street, Los Angeles, 12889   | 10     | New Hampshire | California University   | 96    | 2011 |
| bandish   | karnik   | 1987-12-30 | 118 Lippitt Ave Warwick, 100 S. Main Street, Los Angeles, 12889   | 12     | Montana       | University of Florida   | 56    | 2013 |
| bandish   | karnik   | 1987-12-30 | 118 Lippitt Ave Warwick, 100 S. Main Street, Los Angeles, 12889   | BE     | Alabama       | Pennsylvania University | 65    | 2017 |
| sangita   | karnik   | 1990-12-01 | 5973 Moon Shadow Dr. Herriman, null, Atlanta, 2345                | 10     | Michigan      | University of Michigan  | 76    | 2012 |
| sangita   | karnik   | 1990-12-01 | 5973 Moon Shadow Dr. Herriman, null, Atlanta, 2345                | 12     | Oklahoma      | Columbia University     | 56    | 2014 |
| sangita   | karnik   | 1990-12-01 | 5973 Moon Shadow Dr. Herriman, null, Atlanta, 2345                | BE     | Mississippi   | University of Michigan  | 76    | 2018 |
| sangita   | menon    | 1989-10-26 | 13758 Dogwood St, Trona, null, San Jose, 93562                    | 10     | Alabama       | University of Michigan  | 88    | 2013 |
| sangita   | menon    | 1989-10-26 | 13758 Dogwood St, Trona, null, San Jose, 93562                    | 12     | Indiana       | University of Michigan  | 76    | 2015 |
| sangita   | menon    | 1989-10-26 | 13758 Dogwood St, Trona, null, San Jose, 93562                    | BE     | Ohio          | University of Ohio      | 68    | 2019 |
| rahul     | shah     | 1982-06-12 | 2263 Ga 17 Hwy N, Millen, null, Las Vega, 30442                   | 10     | Iowa          | Stanford University     | 86    | 2011 |
| rahul     | shah     | 1982-06-12 | 2263 Ga 17 Hwy N, Millen, null, Las Vega, 30442                   | 12     | Kentucky      | Harvard University      | 57    | 2013 |
| rahul     | shah     | 1982-06-12 | 2263 Ga 17 Hwy N, Millen, null, Las Vega, 30442                   | BE     | Maryland      | Harvard University      | 75    | 2017 |
| bhavin    | patel    | 1983-11-13 | 321/vimal park, karve road, pune, 411038                          | 10     | Alabama       | University of Chicago   | 69    | 2013 |
| bhavin    | patel    | 1983-11-13 | 321/vimal park, karve road, pune, 411038                          | 12     | Virginia      | California University   | 60    | 2015 |
| bhavin    | patel    | 1983-11-13 | 321/vimal park, karve road, pune, 411038                          | BE     | Maine         | University of Florida   | 61    | 2019 |
| kaushal   | patil    | 1982-07-30 | Prashant Society, Kothrud, pune, 411038                           | 10     | Vermont       | Pennsylvania University | 72    | 2013 |
| kaushal   | patil    | 1982-07-30 | Prashant Society, Kothrud, pune, 411038                           | 12     | Iowa          | Yale University         | 83    | 2015 |
| kaushal   | patil    | 1982-07-30 | Prashant Society, Kothrud, pune, 411038                           | BE     | Maryland      | Columbia University     | 72    | 2019 |
| pankaj    | gandhi   | 1982-07-30 | 8 vaibhav, Ishadan soc, paud road, Pune                           | 10     | Alabama       | Stanford University     | 67    | 2012 |
| pankaj    | gandhi   | 1982-07-30 | 8 vaibhav, Ishadan soc, paud road, Pune                           | 12     | Alaska        | Harvard University      | 74    | 2014 |
| pankaj    | gandhi   | 1982-07-30 | 8 vaibhav, Ishadan soc, paud road, Pune                           | BE     | Arizona       | Harvard University      | 68    | 2018 |
| rajan     | patel    | 1982-07-30 | 9 vaibhav, Ishadan soc, paud road, Pune                           | 10     | Alabama       | Stanford University     | 67    | 2012 |
| rajan     | patel    | 1982-07-30 | 9 vaibhav, Ishadan soc, paud road, Pune                           | 12     | Alaska        | Harvard University      | 74    | 2014 |
| rajan     | patel    | 1982-07-30 | 9 vaibhav, Ishadan soc, paud road, Pune                           | BE     | Arizona       | Harvard University      | 68    | 2018 |
| bhavin    | patel    | 1982-07-30 | 10  vaibhav, Ishadan soc, paud road, Pune                         | 10     | Alabama       | Stanford University     | 67    | 2012 |
| bhavin    | patel    | 1982-07-30 | 10  vaibhav, Ishadan soc, paud road, Pune                         | 12     | Alaska        | Harvard University      | 74    | 2014 |
| bhavin    | patel    | 1982-07-30 | 10  vaibhav, Ishadan soc, paud road, Pune                         | BE     | Arizona       | Harvard University      | 68    | 2018 |
| mukesh    | bhavsar  | 1982-07-30 | 4 vaibhav, Ishadan soc, paud road, Pune                           | 10     | Ohio          | University of Ohio      | 87    | 2011 |
| mukesh    | bhavsar  | 1982-07-30 | 4 vaibhav, Ishadan soc, paud road, Pune                           | 12     | Iowa          | Stanford University     | 78    | 2013 |
| mukesh    | bhavsar  | 1982-07-30 | 4 vaibhav, Ishadan soc, paud road, Pune                           | BE     | Kentucky      | Harvard University      | 97    | 2017 |
| dilu      | khande   | 1982-07-30 | 7 vaibhav, Ishadan soc, paud road, Pune                           | 10     | Ohio          | University of Ohio      | 87    | 2011 |
| dilu      | khande   | 1982-07-30 | 7 vaibhav, Ishadan soc, paud road, Pune                           | 12     | Iowa          | Stanford University     | 78    | 2013 |
| dilu      | khande   | 1982-07-30 | 7 vaibhav, Ishadan soc, paud road, Pune                           | BE     | Kentucky      | Harvard University      | 97    | 2017 |
| sonam     | khan     | 1972-05-13 | 19 Hempstead St, go streat, MG, Boston, 19077                     | 10     | Iowa          | Stanford University     | 56    | 1994 |
| sonam     | khan     | 1972-05-13 | 19 Hempstead St, go streat, MG, Boston, 19077                     | DIP    | Kentucky      | Harvard University      | 67    | 1996 |
| sonam     | khan     | 1972-05-13 | 19 Hempstead St, go streat, MG, Boston, 19077                     | BE     | Maryland      | Harvard University      | 68    | 2000 |
| rohit     | patil    | 1976-12-31 | 1699 Ken city, P.O. Box 942873, 50 Higuera Street, Oakland, 38060 | 10     | Alabama       | University of Chicago   | 50    | 1997 |
| rohit     | patil    | 1976-12-31 | 1699 Ken city, P.O. Box 942873, 50 Higuera Street, Oakland, 38060 | 12     | Virginia      | California University   | 55    | 1999 |
| rohit     | patil    | 1976-12-31 | 1699 Ken city, P.O. Box 942873, 50 Higuera Street, Oakland, 38060 | DIP    | Maine         | University of Florida   | 60    | 2003 |
| rohit     | patil    | 1976-12-31 | 1699 Ken city, P.O. Box 942873, 50 Higuera Street, Oakland, 38060 | BE     | Vermont       | Pennsylvania University | 62    | 2006 |
| raj       | bubber   | 1982-02-28 | Po Box 87, Faith, NC, New York, 28045                             | 10     | Iowa          | Yale University         | 65    | 2004 |
| raj       | bubber   | 1982-02-28 | Po Box 87, Faith, NC, New York, 28045                             | 12     | Maryland      | Columbia University     | 68    | 2006 |
| raj       | bubber   | 1982-02-28 | Po Box 87, Faith, NC, New York, 28045                             | MCA    | Alaska        | Harvard University      | 64    | 2009 |
+-----------+----------+------------+-------------------------------------------------------------------+--------+---------------+-------------------------+-------+------+
85 rows in set (0.01 sec)

mysql> select namefirst, namelast, DOB, address, name, college, university, marks, year from student s join student_address sa join student_qualifications sq where s.id=sa.studentid and s.id=sq.studentid;^C
mysql> select s.id,namefirst,namelast,number,emailid from student s join student_phone sp where s.id=sp.studentid and studentid=13 group by sp.number;
+----+-----------+----------+------------+------------------------+
| id | namefirst | namelast | number     | emailid                |
+----+-----------+----------+------------+------------------------+
| 13 | nrupali   | save     | 7032300055 | nrupali.save@gmail.com |
| 13 | nrupali   | save     | 7132300055 | nrupali.save@gmail.com |
+----+-----------+----------+------------+------------------------+
2 rows in set (0.00 sec)

mysql> select max(marks) from student_qualifications where name='BE';
+------------+
| max(marks) |
+------------+
| 97         |
+------------+
1 row in set (0.00 sec)

mysql> select *,max(marks) from student_qualifications where name='BE';
ERROR 1140 (42000): In aggregated query without GROUP BY, expression #1 of SELECT list contains nonaggregated column 'dac42.student_qualifications.ID'; this is incompatible with sql_mode=only_full_group_by
mysql> select sq.*,max(marks) from student_qualifications sq where name='BE';
ERROR 1140 (42000): In aggregated query without GROUP BY, expression #1 of SELECT list contains nonaggregated column 'dac42.sq.ID'; this is incompatible with sql_mode=only_full_group_by
mysql> select sq.*,max(marks) from student_qualifications sq where name='BE' group by id;
+----+-----------+------+-------------+-------------------------+-------+------+------------+
| ID | studentID | name | college     | university              | marks | year | max(marks) |
+----+-----------+------+-------------+-------------------------+-------+------+------------+
|  3 |         1 | BE   | Arizona     | Harvard University      | 68    | 2018 | 68         |
|  9 |         3 | BE   | Florida     | University of Florida   | 67    | 2017 | 67         |
| 18 |         6 | BE   | Indiana     | University of Chicago   | 87    | 2015 | 87         |
| 21 |         7 | BE   | Kentucky    | Harvard University      | 97    | 2017 | 97         |
| 27 |         9 | BE   | Kansas      | Columbia University     | 87    | 2018 | 87         |
| 39 |        13 | BE   | Texas       | University of Florida   | 68    | 2018 | 68         |
| 42 |        14 | BE   | Idaho       | Yale University         | 57    | 2019 | 57         |
| 45 |        15 | BE   | Alabama     | Pennsylvania University | 65    | 2017 | 65         |
| 48 |        16 | BE   | Mississippi | University of Michigan  | 76    | 2018 | 76         |
| 51 |        17 | BE   | Ohio        | University of Ohio      | 68    | 2019 | 68         |
| 54 |        18 | BE   | Maryland    | Harvard University      | 75    | 2017 | 75         |
| 57 |        19 | BE   | Maine       | University of Florida   | 61    | 2019 | 61         |
| 60 |        20 | BE   | Maryland    | Columbia University     | 72    | 2019 | 72         |
| 63 |        21 | BE   | Arizona     | Harvard University      | 68    | 2018 | 68         |
| 66 |        22 | BE   | Arizona     | Harvard University      | 68    | 2018 | 68         |
| 69 |        23 | BE   | Arizona     | Harvard University      | 68    | 2018 | 68         |
| 72 |        24 | BE   | Kentucky    | Harvard University      | 97    | 2017 | 97         |
| 75 |        25 | BE   | Kentucky    | Harvard University      | 97    | 2017 | 97         |
| 78 |        26 | BE   | Maryland    | Harvard University      | 68    | 2000 | 68         |
| 82 |        27 | BE   | Vermont     | Pennsylvania University | 62    | 2006 | 62         |
+----+-----------+------+-------------+-------------------------+-------+------+------------+
20 rows in set (0.00 sec)

mysql> select namefirst,count(number) from student s join student_phone sp where s.id=sp.studentid group by namefirst;
+-----------+---------------+
| namefirst | count(number) |
+-----------+---------------+
| saleel    |             2 |
| omkar     |             2 |
| ulka      |             2 |
| rahul     |             3 |
| ruhan     |             2 |
| lala      |             3 |
| sharmin   |             2 |
| vrushali  |             2 |
| vasant    |             2 |
| nitish    |             2 |
| neel      |             2 |
| deep      |             2 |
| nrupali   |             4 |
| supriya   |             1 |
| bandish   |             1 |
| sangita   |             2 |
| bhavin    |             2 |
| kaushal   |             1 |
| pankaj    |             1 |
| rajan     |             1 |
| mukesh    |             1 |
| dilu      |             1 |
+-----------+---------------+
22 rows in set (0.00 sec)

mysql> select namefirst, namelast, DOB, address, name, college, university, marks, year from student s join student_address sa join student_qualifications sq where s.id=sa.studentid and s.id=sq.studentid;
+-----------+----------+------------+-------------------------------------------------------------------+--------+---------------+-------------------------+-------+------+
| namefirst | namelast | DOB        | address                                                           | name   | college       | university              | marks | year |
+-----------+----------+------------+-------------------------------------------------------------------+--------+---------------+-------------------------+-------+------+
| saleel    | bagde    | 1984-06-12 | 13758 Dogwood, St, Trona, CA, Los Angeles, 93562                  | 10     | Alabama       | Stanford University     | 67    | 2012 |
| saleel    | bagde    | 1984-06-12 | 13758 Dogwood, St, Trona, CA, Los Angeles, 93562                  | 12     | Alaska        | Harvard University      | 74    | 2014 |
| saleel    | bagde    | 1984-06-12 | 13758 Dogwood, St, Trona, CA, Los Angeles, 93562                  | BE     | Arizona       | Harvard University      | 68    | 2018 |
| omkar     | rokde    | 1969-10-25 | 2263 Ga 17 Hwy N, Millen, GA, Atlanta, 30442                      | 10     | Alaska        | University of Chicago   | 68    | 2013 |
| omkar     | rokde    | 1969-10-25 | 2263 Ga 17 Hwy N, Millen, GA, Atlanta, 30442                      | 12     | New York      | Yale University         | 56    | 2015 |
| omkar     | rokde    | 1969-10-25 | 2263 Ga 17 Hwy N, Millen, GA, Atlanta, 30442                      | B.Com  | Arkansas      | Yale University         | 64    | 2019 |
| ulka      | joshi    | 1970-10-25 | 409 Berry St, Louisa, KY, San Jose, 41230                         | 10     | Arizona       | Yale University         | 75    | 2011 |
| ulka      | joshi    | 1970-10-25 | 409 Berry St, Louisa, KY, San Jose, 41230                         | 12     | California    | California University   | 86    | 2013 |
| ulka      | joshi    | 1970-10-25 | 409 Berry St, Louisa, KY, San Jose, 41230                         | BE     | Florida       | University of Florida   | 67    | 2017 |
| rahul     | patil    | 1982-10-31 | 7720 Covington Rd, Pink Stand, TN, San Francisco, 37188           | 10     | Idaho         | Pennsylvania University | 58    | 2010 |
| rahul     | patil    | 1982-10-31 | 7720 Covington Rd, Pink Stand, TN, San Francisco, 37188           | 12     | New Hampshire | Yale University         | 97    | 2012 |
| rahul     | patil    | 1982-10-31 | 7720 Covington Rd, Pink Stand, TN, San Francisco, 37188           | M.Com. | Montana       | Columbia University     | 77    | 2016 |
| ruhan     | bagde    | 1984-01-12 | 15 Hempstead, St, Saugus, MA, Las Vega, 1906                      | 10     | Alabama       | Yale University         | 56    | 2008 |
| ruhan     | bagde    | 1984-01-12 | 15 Hempstead, St, Saugus, MA, Las Vega, 1906                      | 12     | Michigan      | University of Michigan  | 57    | 2010 |
| ruhan     | bagde    | 1984-01-12 | 15 Hempstead, St, Saugus, MA, Las Vega, 1906                      | M.Com. | Oklahoma      | Stanford University     | 86    | 2014 |
| lala      | prasad   | 1980-12-01 | 165 Village Dr., P.O. Box 3700, Oakland, TN, Oakland, 38060       | 10     | Mississippi   | Harvard University      | 56    | 2009 |
| lala      | prasad   | 1980-12-01 | 165 Village Dr., P.O. Box 3700, Oakland, TN, Oakland, 38060       | 12     | Alabama       | Harvard University      | 76    | 2011 |
| lala      | prasad   | 1980-12-01 | 165 Village Dr., P.O. Box 3700, Oakland, TN, Oakland, 38060       | BE     | Indiana       | University of Chicago   | 87    | 2015 |
| sharmin   | bagde    | 1986-12-14 | Po Box 83, Faith, NC, New Jersey, 28041                           | 10     | Ohio          | University of Ohio      | 87    | 2011 |
| sharmin   | bagde    | 1986-12-14 | Po Box 83, Faith, NC, New Jersey, 28041                           | 12     | Iowa          | Stanford University     | 78    | 2013 |
| sharmin   | bagde    | 1986-12-14 | Po Box 83, Faith, NC, New Jersey, 28041                           | BE     | Kentucky      | Harvard University      | 97    | 2017 |
| vrushali  | bagde    | 1984-12-29 | 3402 Buccaneer Rose Ave, Bakersfield, CA, Boston, 93313           | 10     | Maryland      | University Maryland     | 56    | 2010 |
| vrushali  | bagde    | 1984-12-29 | 3402 Buccaneer Rose Ave, Bakersfield, CA, Boston, 93313           | 12     | Alabama       | California University   | 60    | 2012 |
| vrushali  | bagde    | 1984-12-29 | 3402 Buccaneer Rose Ave, Bakersfield, CA, Boston, 93313           | M.Com. | Virginia      | University of Florida   | 87    | 2016 |
| vasant    | khande   | 1992-10-26 | Po Box 77, Linking Road, UK                                       | 10     | Maine         | Pennsylvania University | 98    | 2012 |
| vasant    | khande   | 1992-10-26 | Po Box 77, Linking Road, UK                                       | 12     | Vermont       | Yale University         | 67    | 2014 |
| vasant    | khande   | 1992-10-26 | Po Box 77, Linking Road, UK                                       | BE     | Kansas        | Columbia University     | 87    | 2018 |
| nitish    | patil    | 1990-10-26 | 7710 Covington Rd , New State Road, New York, 37188               | 10     | Texas         | Yale University         | 65    | 2012 |
| nitish    | patil    | 1990-10-26 | 7710 Covington Rd , New State Road, New York, 37188               | 12     | Oregon        | University of Michigan  | 76    | 2014 |
| nitish    | patil    | 1990-10-26 | 7710 Covington Rd , New State Road, New York, 37188               | M.Com. | New Mexico    | California University   | 61    | 2018 |
| neel      | save     | 1975-10-30 | 15 Hempstead St, Saugus, MA, Boston, 1906                         | 10     | Nevada        | University of Florida   | 62    | 2011 |
| neel      | save     | 1975-10-30 | 15 Hempstead St, Saugus, MA, Boston, 1906                         | 12     | Indiana       | Pennsylvania University | 63    | 2013 |
| neel      | save     | 1975-10-30 | 15 Hempstead St, Saugus, MA, Boston, 1906                         | M.Com. | Ohio          | University of Ohio      | 56    | 2017 |
| deep      | save     | 1986-11-30 | 165 Ken city, P.O. Box 942873, 50 Higuera Street, Oakland, 38060  | 10     | New Hampshire | Yale University         | 75    | 2010 |
| deep      | save     | 1986-11-30 | 165 Ken city, P.O. Box 942873, 50 Higuera Street, Oakland, 38060  | 12     | Montana       | Stanford University     | 45    | 2012 |
| deep      | save     | 1986-11-30 | 165 Ken city, P.O. Box 942873, 50 Higuera Street, Oakland, 38060  | B.Com. | West Virginia | Harvard University      | 50    | 2016 |
| nrupali   | save     | 1981-12-01 | Po Box 83, Faith, NC, null, New York, 28041                       | 10     | Virginia      | Harvard University      | 67    | 2012 |
| nrupali   | save     | 1981-12-01 | Po Box 83, Faith, NC, null, New York, 28041                       | 12     | Maine         | University of Chicago   | 78    | 2014 |
| nrupali   | save     | 1981-12-01 | Po Box 83, Faith, NC, null, New York, 28041                       | BE     | Texas         | University of Florida   | 68    | 2018 |
| supriya   | karnik   | 1983-12-15 | 808 Rocky Hill Rd, Plymouth 1993 Cross lane, Boston, 32360        | 10     | Oregon        | University of Florida   | 67    | 2013 |
| supriya   | karnik   | 1983-12-15 | 808 Rocky Hill Rd, Plymouth 1993 Cross lane, Boston, 32360        | 12     | Florida       | University of Florida   | 87    | 2015 |
| supriya   | karnik   | 1983-12-15 | 808 Rocky Hill Rd, Plymouth 1993 Cross lane, Boston, 32360        | BE     | Idaho         | Yale University         | 57    | 2019 |
| bandish   | karnik   | 1987-12-30 | 118 Lippitt Ave Warwick, 100 S. Main Street, Los Angeles, 12889   | 10     | New Hampshire | California University   | 96    | 2011 |
| bandish   | karnik   | 1987-12-30 | 118 Lippitt Ave Warwick, 100 S. Main Street, Los Angeles, 12889   | 12     | Montana       | University of Florida   | 56    | 2013 |
| bandish   | karnik   | 1987-12-30 | 118 Lippitt Ave Warwick, 100 S. Main Street, Los Angeles, 12889   | BE     | Alabama       | Pennsylvania University | 65    | 2017 |
| sangita   | karnik   | 1990-12-01 | 5973 Moon Shadow Dr. Herriman, null, Atlanta, 2345                | 10     | Michigan      | University of Michigan  | 76    | 2012 |
| sangita   | karnik   | 1990-12-01 | 5973 Moon Shadow Dr. Herriman, null, Atlanta, 2345                | 12     | Oklahoma      | Columbia University     | 56    | 2014 |
| sangita   | karnik   | 1990-12-01 | 5973 Moon Shadow Dr. Herriman, null, Atlanta, 2345                | BE     | Mississippi   | University of Michigan  | 76    | 2018 |
| sangita   | menon    | 1989-10-26 | 13758 Dogwood St, Trona, null, San Jose, 93562                    | 10     | Alabama       | University of Michigan  | 88    | 2013 |
| sangita   | menon    | 1989-10-26 | 13758 Dogwood St, Trona, null, San Jose, 93562                    | 12     | Indiana       | University of Michigan  | 76    | 2015 |
| sangita   | menon    | 1989-10-26 | 13758 Dogwood St, Trona, null, San Jose, 93562                    | BE     | Ohio          | University of Ohio      | 68    | 2019 |
| rahul     | shah     | 1982-06-12 | 2263 Ga 17 Hwy N, Millen, null, Las Vega, 30442                   | 10     | Iowa          | Stanford University     | 86    | 2011 |
| rahul     | shah     | 1982-06-12 | 2263 Ga 17 Hwy N, Millen, null, Las Vega, 30442                   | 12     | Kentucky      | Harvard University      | 57    | 2013 |
| rahul     | shah     | 1982-06-12 | 2263 Ga 17 Hwy N, Millen, null, Las Vega, 30442                   | BE     | Maryland      | Harvard University      | 75    | 2017 |
| bhavin    | patel    | 1983-11-13 | 321/vimal park, karve road, pune, 411038                          | 10     | Alabama       | University of Chicago   | 69    | 2013 |
| bhavin    | patel    | 1983-11-13 | 321/vimal park, karve road, pune, 411038                          | 12     | Virginia      | California University   | 60    | 2015 |
| bhavin    | patel    | 1983-11-13 | 321/vimal park, karve road, pune, 411038                          | BE     | Maine         | University of Florida   | 61    | 2019 |
| kaushal   | patil    | 1982-07-30 | Prashant Society, Kothrud, pune, 411038                           | 10     | Vermont       | Pennsylvania University | 72    | 2013 |
| kaushal   | patil    | 1982-07-30 | Prashant Society, Kothrud, pune, 411038                           | 12     | Iowa          | Yale University         | 83    | 2015 |
| kaushal   | patil    | 1982-07-30 | Prashant Society, Kothrud, pune, 411038                           | BE     | Maryland      | Columbia University     | 72    | 2019 |
| pankaj    | gandhi   | 1982-07-30 | 8 vaibhav, Ishadan soc, paud road, Pune                           | 10     | Alabama       | Stanford University     | 67    | 2012 |
| pankaj    | gandhi   | 1982-07-30 | 8 vaibhav, Ishadan soc, paud road, Pune                           | 12     | Alaska        | Harvard University      | 74    | 2014 |
| pankaj    | gandhi   | 1982-07-30 | 8 vaibhav, Ishadan soc, paud road, Pune                           | BE     | Arizona       | Harvard University      | 68    | 2018 |
| rajan     | patel    | 1982-07-30 | 9 vaibhav, Ishadan soc, paud road, Pune                           | 10     | Alabama       | Stanford University     | 67    | 2012 |
| rajan     | patel    | 1982-07-30 | 9 vaibhav, Ishadan soc, paud road, Pune                           | 12     | Alaska        | Harvard University      | 74    | 2014 |
| rajan     | patel    | 1982-07-30 | 9 vaibhav, Ishadan soc, paud road, Pune                           | BE     | Arizona       | Harvard University      | 68    | 2018 |
| bhavin    | patel    | 1982-07-30 | 10  vaibhav, Ishadan soc, paud road, Pune                         | 10     | Alabama       | Stanford University     | 67    | 2012 |
| bhavin    | patel    | 1982-07-30 | 10  vaibhav, Ishadan soc, paud road, Pune                         | 12     | Alaska        | Harvard University      | 74    | 2014 |
| bhavin    | patel    | 1982-07-30 | 10  vaibhav, Ishadan soc, paud road, Pune                         | BE     | Arizona       | Harvard University      | 68    | 2018 |
| mukesh    | bhavsar  | 1982-07-30 | 4 vaibhav, Ishadan soc, paud road, Pune                           | 10     | Ohio          | University of Ohio      | 87    | 2011 |
| mukesh    | bhavsar  | 1982-07-30 | 4 vaibhav, Ishadan soc, paud road, Pune                           | 12     | Iowa          | Stanford University     | 78    | 2013 |
| mukesh    | bhavsar  | 1982-07-30 | 4 vaibhav, Ishadan soc, paud road, Pune                           | BE     | Kentucky      | Harvard University      | 97    | 2017 |
| dilu      | khande   | 1982-07-30 | 7 vaibhav, Ishadan soc, paud road, Pune                           | 10     | Ohio          | University of Ohio      | 87    | 2011 |
| dilu      | khande   | 1982-07-30 | 7 vaibhav, Ishadan soc, paud road, Pune                           | 12     | Iowa          | Stanford University     | 78    | 2013 |
| dilu      | khande   | 1982-07-30 | 7 vaibhav, Ishadan soc, paud road, Pune                           | BE     | Kentucky      | Harvard University      | 97    | 2017 |
| sonam     | khan     | 1972-05-13 | 19 Hempstead St, go streat, MG, Boston, 19077                     | 10     | Iowa          | Stanford University     | 56    | 1994 |
| sonam     | khan     | 1972-05-13 | 19 Hempstead St, go streat, MG, Boston, 19077                     | DIP    | Kentucky      | Harvard University      | 67    | 1996 |
| sonam     | khan     | 1972-05-13 | 19 Hempstead St, go streat, MG, Boston, 19077                     | BE     | Maryland      | Harvard University      | 68    | 2000 |
| rohit     | patil    | 1976-12-31 | 1699 Ken city, P.O. Box 942873, 50 Higuera Street, Oakland, 38060 | 10     | Alabama       | University of Chicago   | 50    | 1997 |
| rohit     | patil    | 1976-12-31 | 1699 Ken city, P.O. Box 942873, 50 Higuera Street, Oakland, 38060 | 12     | Virginia      | California University   | 55    | 1999 |
| rohit     | patil    | 1976-12-31 | 1699 Ken city, P.O. Box 942873, 50 Higuera Street, Oakland, 38060 | DIP    | Maine         | University of Florida   | 60    | 2003 |
| rohit     | patil    | 1976-12-31 | 1699 Ken city, P.O. Box 942873, 50 Higuera Street, Oakland, 38060 | BE     | Vermont       | Pennsylvania University | 62    | 2006 |
| raj       | bubber   | 1982-02-28 | Po Box 87, Faith, NC, New York, 28045                             | 10     | Iowa          | Yale University         | 65    | 2004 |
| raj       | bubber   | 1982-02-28 | Po Box 87, Faith, NC, New York, 28045                             | 12     | Maryland      | Columbia University     | 68    | 2006 |
| raj       | bubber   | 1982-02-28 | Po Box 87, Faith, NC, New York, 28045                             | MCA    | Alaska        | Harvard University      | 64    | 2009 |
+-----------+----------+------------+-------------------------------------------------------------------+--------+---------------+-------------------------+-------+------+
85 rows in set (0.01 sec)

mysql> select namefirst, namelast, DOB, address, name, college, university, marks, year from student s join student_address sa join student_qualifications sq where s.id=sa.studentid and s.id=sq.studentid group by s.id;
ERROR 1055 (42000): Expression #5 of SELECT list is not in GROUP BY clause and contains nonaggregated column 'dac42.sq.name' which is not functionally dependent on columns in GROUP BY clause; this is incompatible with sql_mode=only_full_group_by
mysql> select namefirst, namelast, DOB, address, name, college, university, marks, year from student s join student_address sa join student_qualifications sq where s.id=sa.studentid and s.id=sq.studentid group by s.id,sq.name;
ERROR 1055 (42000): Expression #6 of SELECT list is not in GROUP BY clause and contains nonaggregated column 'dac42.sq.college' which is not functionally dependent on columns in GROUP BY clause; this is incompatible with sql_mode=only_full_group_by
mysql> select namefirst, namelast, DOB, address, name, college, university, marks, year from student s join student_address sa join student_qualifications sq where s.id=sa.studentid and s.id=sq.studentid group by s.id,sq.name,sq.college;
ERROR 1055 (42000): Expression #7 of SELECT list is not in GROUP BY clause and contains nonaggregated column 'dac42.sq.university' which is not functionally dependent on columns in GROUP BY clause; this is incompatible with sql_mode=only_full_group_by
mysql> select namefirst, namelast, DOB, address, name, college, university, marks, year from student s join student_address sa join student_qualifications sq where s.id=sa.studentid and s.id=sq.studentid group by s.id,sq.name,sq.college;
ERROR 1055 (42000): Expression #7 of SELECT list is not in GROUP BY clause and contains nonaggregated column 'dac42.sq.university' which is not functionally dependent on columns in GROUP BY clause; this is incompatible with sql_mode=only_full_group_by
mysql> select namefirst, namelast, DOB, address, name, college, university, marks, year from student s join student_address sa join student_qualifications sq where s.id=sa.studentid and s.id=sq.studentid;
+-----------+----------+------------+-------------------------------------------------------------------+--------+---------------+-------------------------+-------+------+
| namefirst | namelast | DOB        | address                                                           | name   | college       | university              | marks | year |
+-----------+----------+------------+-------------------------------------------------------------------+--------+---------------+-------------------------+-------+------+
| saleel    | bagde    | 1984-06-12 | 13758 Dogwood, St, Trona, CA, Los Angeles, 93562                  | 10     | Alabama       | Stanford University     | 67    | 2012 |
| saleel    | bagde    | 1984-06-12 | 13758 Dogwood, St, Trona, CA, Los Angeles, 93562                  | 12     | Alaska        | Harvard University      | 74    | 2014 |
| saleel    | bagde    | 1984-06-12 | 13758 Dogwood, St, Trona, CA, Los Angeles, 93562                  | BE     | Arizona       | Harvard University      | 68    | 2018 |
| omkar     | rokde    | 1969-10-25 | 2263 Ga 17 Hwy N, Millen, GA, Atlanta, 30442                      | 10     | Alaska        | University of Chicago   | 68    | 2013 |
| omkar     | rokde    | 1969-10-25 | 2263 Ga 17 Hwy N, Millen, GA, Atlanta, 30442                      | 12     | New York      | Yale University         | 56    | 2015 |
| omkar     | rokde    | 1969-10-25 | 2263 Ga 17 Hwy N, Millen, GA, Atlanta, 30442                      | B.Com  | Arkansas      | Yale University         | 64    | 2019 |
| ulka      | joshi    | 1970-10-25 | 409 Berry St, Louisa, KY, San Jose, 41230                         | 10     | Arizona       | Yale University         | 75    | 2011 |
| ulka      | joshi    | 1970-10-25 | 409 Berry St, Louisa, KY, San Jose, 41230                         | 12     | California    | California University   | 86    | 2013 |
| ulka      | joshi    | 1970-10-25 | 409 Berry St, Louisa, KY, San Jose, 41230                         | BE     | Florida       | University of Florida   | 67    | 2017 |
| rahul     | patil    | 1982-10-31 | 7720 Covington Rd, Pink Stand, TN, San Francisco, 37188           | 10     | Idaho         | Pennsylvania University | 58    | 2010 |
| rahul     | patil    | 1982-10-31 | 7720 Covington Rd, Pink Stand, TN, San Francisco, 37188           | 12     | New Hampshire | Yale University         | 97    | 2012 |
| rahul     | patil    | 1982-10-31 | 7720 Covington Rd, Pink Stand, TN, San Francisco, 37188           | M.Com. | Montana       | Columbia University     | 77    | 2016 |
| ruhan     | bagde    | 1984-01-12 | 15 Hempstead, St, Saugus, MA, Las Vega, 1906                      | 10     | Alabama       | Yale University         | 56    | 2008 |
| ruhan     | bagde    | 1984-01-12 | 15 Hempstead, St, Saugus, MA, Las Vega, 1906                      | 12     | Michigan      | University of Michigan  | 57    | 2010 |
| ruhan     | bagde    | 1984-01-12 | 15 Hempstead, St, Saugus, MA, Las Vega, 1906                      | M.Com. | Oklahoma      | Stanford University     | 86    | 2014 |
| lala      | prasad   | 1980-12-01 | 165 Village Dr., P.O. Box 3700, Oakland, TN, Oakland, 38060       | 10     | Mississippi   | Harvard University      | 56    | 2009 |
| lala      | prasad   | 1980-12-01 | 165 Village Dr., P.O. Box 3700, Oakland, TN, Oakland, 38060       | 12     | Alabama       | Harvard University      | 76    | 2011 |
| lala      | prasad   | 1980-12-01 | 165 Village Dr., P.O. Box 3700, Oakland, TN, Oakland, 38060       | BE     | Indiana       | University of Chicago   | 87    | 2015 |
| sharmin   | bagde    | 1986-12-14 | Po Box 83, Faith, NC, New Jersey, 28041                           | 10     | Ohio          | University of Ohio      | 87    | 2011 |
| sharmin   | bagde    | 1986-12-14 | Po Box 83, Faith, NC, New Jersey, 28041                           | 12     | Iowa          | Stanford University     | 78    | 2013 |
| sharmin   | bagde    | 1986-12-14 | Po Box 83, Faith, NC, New Jersey, 28041                           | BE     | Kentucky      | Harvard University      | 97    | 2017 |
| vrushali  | bagde    | 1984-12-29 | 3402 Buccaneer Rose Ave, Bakersfield, CA, Boston, 93313           | 10     | Maryland      | University Maryland     | 56    | 2010 |
| vrushali  | bagde    | 1984-12-29 | 3402 Buccaneer Rose Ave, Bakersfield, CA, Boston, 93313           | 12     | Alabama       | California University   | 60    | 2012 |
| vrushali  | bagde    | 1984-12-29 | 3402 Buccaneer Rose Ave, Bakersfield, CA, Boston, 93313           | M.Com. | Virginia      | University of Florida   | 87    | 2016 |
| vasant    | khande   | 1992-10-26 | Po Box 77, Linking Road, UK                                       | 10     | Maine         | Pennsylvania University | 98    | 2012 |
| vasant    | khande   | 1992-10-26 | Po Box 77, Linking Road, UK                                       | 12     | Vermont       | Yale University         | 67    | 2014 |
| vasant    | khande   | 1992-10-26 | Po Box 77, Linking Road, UK                                       | BE     | Kansas        | Columbia University     | 87    | 2018 |
| nitish    | patil    | 1990-10-26 | 7710 Covington Rd , New State Road, New York, 37188               | 10     | Texas         | Yale University         | 65    | 2012 |
| nitish    | patil    | 1990-10-26 | 7710 Covington Rd , New State Road, New York, 37188               | 12     | Oregon        | University of Michigan  | 76    | 2014 |
| nitish    | patil    | 1990-10-26 | 7710 Covington Rd , New State Road, New York, 37188               | M.Com. | New Mexico    | California University   | 61    | 2018 |
| neel      | save     | 1975-10-30 | 15 Hempstead St, Saugus, MA, Boston, 1906                         | 10     | Nevada        | University of Florida   | 62    | 2011 |
| neel      | save     | 1975-10-30 | 15 Hempstead St, Saugus, MA, Boston, 1906                         | 12     | Indiana       | Pennsylvania University | 63    | 2013 |
| neel      | save     | 1975-10-30 | 15 Hempstead St, Saugus, MA, Boston, 1906                         | M.Com. | Ohio          | University of Ohio      | 56    | 2017 |
| deep      | save     | 1986-11-30 | 165 Ken city, P.O. Box 942873, 50 Higuera Street, Oakland, 38060  | 10     | New Hampshire | Yale University         | 75    | 2010 |
| deep      | save     | 1986-11-30 | 165 Ken city, P.O. Box 942873, 50 Higuera Street, Oakland, 38060  | 12     | Montana       | Stanford University     | 45    | 2012 |
| deep      | save     | 1986-11-30 | 165 Ken city, P.O. Box 942873, 50 Higuera Street, Oakland, 38060  | B.Com. | West Virginia | Harvard University      | 50    | 2016 |
| nrupali   | save     | 1981-12-01 | Po Box 83, Faith, NC, null, New York, 28041                       | 10     | Virginia      | Harvard University      | 67    | 2012 |
| nrupali   | save     | 1981-12-01 | Po Box 83, Faith, NC, null, New York, 28041                       | 12     | Maine         | University of Chicago   | 78    | 2014 |
| nrupali   | save     | 1981-12-01 | Po Box 83, Faith, NC, null, New York, 28041                       | BE     | Texas         | University of Florida   | 68    | 2018 |
| supriya   | karnik   | 1983-12-15 | 808 Rocky Hill Rd, Plymouth 1993 Cross lane, Boston, 32360        | 10     | Oregon        | University of Florida   | 67    | 2013 |
| supriya   | karnik   | 1983-12-15 | 808 Rocky Hill Rd, Plymouth 1993 Cross lane, Boston, 32360        | 12     | Florida       | University of Florida   | 87    | 2015 |
| supriya   | karnik   | 1983-12-15 | 808 Rocky Hill Rd, Plymouth 1993 Cross lane, Boston, 32360        | BE     | Idaho         | Yale University         | 57    | 2019 |
| bandish   | karnik   | 1987-12-30 | 118 Lippitt Ave Warwick, 100 S. Main Street, Los Angeles, 12889   | 10     | New Hampshire | California University   | 96    | 2011 |
| bandish   | karnik   | 1987-12-30 | 118 Lippitt Ave Warwick, 100 S. Main Street, Los Angeles, 12889   | 12     | Montana       | University of Florida   | 56    | 2013 |
| bandish   | karnik   | 1987-12-30 | 118 Lippitt Ave Warwick, 100 S. Main Street, Los Angeles, 12889   | BE     | Alabama       | Pennsylvania University | 65    | 2017 |
| sangita   | karnik   | 1990-12-01 | 5973 Moon Shadow Dr. Herriman, null, Atlanta, 2345                | 10     | Michigan      | University of Michigan  | 76    | 2012 |
| sangita   | karnik   | 1990-12-01 | 5973 Moon Shadow Dr. Herriman, null, Atlanta, 2345                | 12     | Oklahoma      | Columbia University     | 56    | 2014 |
| sangita   | karnik   | 1990-12-01 | 5973 Moon Shadow Dr. Herriman, null, Atlanta, 2345                | BE     | Mississippi   | University of Michigan  | 76    | 2018 |
| sangita   | menon    | 1989-10-26 | 13758 Dogwood St, Trona, null, San Jose, 93562                    | 10     | Alabama       | University of Michigan  | 88    | 2013 |
| sangita   | menon    | 1989-10-26 | 13758 Dogwood St, Trona, null, San Jose, 93562                    | 12     | Indiana       | University of Michigan  | 76    | 2015 |
| sangita   | menon    | 1989-10-26 | 13758 Dogwood St, Trona, null, San Jose, 93562                    | BE     | Ohio          | University of Ohio      | 68    | 2019 |
| rahul     | shah     | 1982-06-12 | 2263 Ga 17 Hwy N, Millen, null, Las Vega, 30442                   | 10     | Iowa          | Stanford University     | 86    | 2011 |
| rahul     | shah     | 1982-06-12 | 2263 Ga 17 Hwy N, Millen, null, Las Vega, 30442                   | 12     | Kentucky      | Harvard University      | 57    | 2013 |
| rahul     | shah     | 1982-06-12 | 2263 Ga 17 Hwy N, Millen, null, Las Vega, 30442                   | BE     | Maryland      | Harvard University      | 75    | 2017 |
| bhavin    | patel    | 1983-11-13 | 321/vimal park, karve road, pune, 411038                          | 10     | Alabama       | University of Chicago   | 69    | 2013 |
| bhavin    | patel    | 1983-11-13 | 321/vimal park, karve road, pune, 411038                          | 12     | Virginia      | California University   | 60    | 2015 |
| bhavin    | patel    | 1983-11-13 | 321/vimal park, karve road, pune, 411038                          | BE     | Maine         | University of Florida   | 61    | 2019 |
| kaushal   | patil    | 1982-07-30 | Prashant Society, Kothrud, pune, 411038                           | 10     | Vermont       | Pennsylvania University | 72    | 2013 |
| kaushal   | patil    | 1982-07-30 | Prashant Society, Kothrud, pune, 411038                           | 12     | Iowa          | Yale University         | 83    | 2015 |
| kaushal   | patil    | 1982-07-30 | Prashant Society, Kothrud, pune, 411038                           | BE     | Maryland      | Columbia University     | 72    | 2019 |
| pankaj    | gandhi   | 1982-07-30 | 8 vaibhav, Ishadan soc, paud road, Pune                           | 10     | Alabama       | Stanford University     | 67    | 2012 |
| pankaj    | gandhi   | 1982-07-30 | 8 vaibhav, Ishadan soc, paud road, Pune                           | 12     | Alaska        | Harvard University      | 74    | 2014 |
| pankaj    | gandhi   | 1982-07-30 | 8 vaibhav, Ishadan soc, paud road, Pune                           | BE     | Arizona       | Harvard University      | 68    | 2018 |
| rajan     | patel    | 1982-07-30 | 9 vaibhav, Ishadan soc, paud road, Pune                           | 10     | Alabama       | Stanford University     | 67    | 2012 |
| rajan     | patel    | 1982-07-30 | 9 vaibhav, Ishadan soc, paud road, Pune                           | 12     | Alaska        | Harvard University      | 74    | 2014 |
| rajan     | patel    | 1982-07-30 | 9 vaibhav, Ishadan soc, paud road, Pune                           | BE     | Arizona       | Harvard University      | 68    | 2018 |
| bhavin    | patel    | 1982-07-30 | 10  vaibhav, Ishadan soc, paud road, Pune                         | 10     | Alabama       | Stanford University     | 67    | 2012 |
| bhavin    | patel    | 1982-07-30 | 10  vaibhav, Ishadan soc, paud road, Pune                         | 12     | Alaska        | Harvard University      | 74    | 2014 |
| bhavin    | patel    | 1982-07-30 | 10  vaibhav, Ishadan soc, paud road, Pune                         | BE     | Arizona       | Harvard University      | 68    | 2018 |
| mukesh    | bhavsar  | 1982-07-30 | 4 vaibhav, Ishadan soc, paud road, Pune                           | 10     | Ohio          | University of Ohio      | 87    | 2011 |
| mukesh    | bhavsar  | 1982-07-30 | 4 vaibhav, Ishadan soc, paud road, Pune                           | 12     | Iowa          | Stanford University     | 78    | 2013 |
| mukesh    | bhavsar  | 1982-07-30 | 4 vaibhav, Ishadan soc, paud road, Pune                           | BE     | Kentucky      | Harvard University      | 97    | 2017 |
| dilu      | khande   | 1982-07-30 | 7 vaibhav, Ishadan soc, paud road, Pune                           | 10     | Ohio          | University of Ohio      | 87    | 2011 |
| dilu      | khande   | 1982-07-30 | 7 vaibhav, Ishadan soc, paud road, Pune                           | 12     | Iowa          | Stanford University     | 78    | 2013 |
| dilu      | khande   | 1982-07-30 | 7 vaibhav, Ishadan soc, paud road, Pune                           | BE     | Kentucky      | Harvard University      | 97    | 2017 |
| sonam     | khan     | 1972-05-13 | 19 Hempstead St, go streat, MG, Boston, 19077                     | 10     | Iowa          | Stanford University     | 56    | 1994 |
| sonam     | khan     | 1972-05-13 | 19 Hempstead St, go streat, MG, Boston, 19077                     | DIP    | Kentucky      | Harvard University      | 67    | 1996 |
| sonam     | khan     | 1972-05-13 | 19 Hempstead St, go streat, MG, Boston, 19077                     | BE     | Maryland      | Harvard University      | 68    | 2000 |
| rohit     | patil    | 1976-12-31 | 1699 Ken city, P.O. Box 942873, 50 Higuera Street, Oakland, 38060 | 10     | Alabama       | University of Chicago   | 50    | 1997 |
| rohit     | patil    | 1976-12-31 | 1699 Ken city, P.O. Box 942873, 50 Higuera Street, Oakland, 38060 | 12     | Virginia      | California University   | 55    | 1999 |
| rohit     | patil    | 1976-12-31 | 1699 Ken city, P.O. Box 942873, 50 Higuera Street, Oakland, 38060 | DIP    | Maine         | University of Florida   | 60    | 2003 |
| rohit     | patil    | 1976-12-31 | 1699 Ken city, P.O. Box 942873, 50 Higuera Street, Oakland, 38060 | BE     | Vermont       | Pennsylvania University | 62    | 2006 |
| raj       | bubber   | 1982-02-28 | Po Box 87, Faith, NC, New York, 28045                             | 10     | Iowa          | Yale University         | 65    | 2004 |
| raj       | bubber   | 1982-02-28 | Po Box 87, Faith, NC, New York, 28045                             | 12     | Maryland      | Columbia University     | 68    | 2006 |
| raj       | bubber   | 1982-02-28 | Po Box 87, Faith, NC, New York, 28045                             | MCA    | Alaska        | Harvard University      | 64    | 2009 |
+-----------+----------+------------+-------------------------------------------------------------------+--------+---------------+-------------------------+-------+------+
85 rows in set (0.00 sec)

mysql> select namefirst, namelast, emailID, number,address from faculty f join faculty_address fa join faculty_phone fp where f.id=fa.facultyid and f.id=fp.facultyid and f.namefirst='ketan';
+-----------+----------+------------------------+------------+-----------------------------------------+
| namefirst | namelast | emailID                | number     | address                                 |
+-----------+----------+------------------------+------------+-----------------------------------------+
| ketan     | shukla   | ketan.shukla@gmail.com | 7032300039 | Po Box 83, Faith, NC, New Jersey, 28041 |
| ketan     | shukla   | ketan.shukla@gmail.com | 7032303479 | Po Box 83, Faith, NC, New Jersey, 28041 |
+-----------+----------+------------------------+------------+-----------------------------------------+
2 rows in set (0.08 sec)

mysql> select namefirst, namelast, emailID, number,address from faculty f join faculty_address fa join faculty_phone fp where f.id=fa.facultyid and f.id=fp.facultyid and f.namefirst='ketan' group by f.id;
ERROR 1055 (42000): Expression #4 of SELECT list is not in GROUP BY clause and contains nonaggregated column 'dac42.fp.number' which is not functionally dependent on columns in GROUP BY clause; this is incompatible with sql_mode=only_full_group_by
mysql> select namefirst, namelast, emailID, number,address from faculty f join faculty_address fa join faculty_phone fp where f.id=fa.facultyid and f.id=fp.facultyid and f.namefirst='ketan' group by f.namefirst;
ERROR 1055 (42000): Expression #2 of SELECT list is not in GROUP BY clause and contains nonaggregated column 'dac42.f.namelast' which is not functionally dependent on columns in GROUP BY clause; this is incompatible with sql_mode=only_full_group_by
mysql> select namefirst, namelast, emailID, number,address from faculty f join faculty_address fa join faculty_phone fp where f.id=fa.facultyid and f.id=fp.facultyid and f.namefirst='ketan';
+-----------+----------+------------------------+------------+-----------------------------------------+
| namefirst | namelast | emailID                | number     | address                                 |
+-----------+----------+------------------------+------------+-----------------------------------------+
| ketan     | shukla   | ketan.shukla@gmail.com | 7032300039 | Po Box 83, Faith, NC, New Jersey, 28041 |
| ketan     | shukla   | ketan.shukla@gmail.com | 7032303479 | Po Box 83, Faith, NC, New Jersey, 28041 |
+-----------+----------+------------------------+------------+-----------------------------------------+
2 rows in set (0.01 sec)

mysql> select c.name, cb.name form course c join course_batches cb where c.id=cb.courseid;
ERROR 1064 (42000): You have an error in your SQL syntax; check the manual that corresponds to your MySQL server version for the right syntax to use near 'course c join course_batches cb where c.id=cb.courseid' at line 1
mysql> select c.name, cb.name form course c join course_batches cb where c.id=cb.courseid;
ERROR 1064 (42000): You have an error in your SQL syntax; check the manual that corresponds to your MySQL server version for the right syntax to use near 'course c join course_batches cb where c.id=cb.courseid' at line 1
mysql> select c.name, cb.name from course c join course_batches cb where c.id=cb.courseid;
+---------+---------+
| name    | name    |
+---------+---------+
| PG-DAC  | Batch1  |
| PG-DAC  | Batch6  |
| PG-DAC  | Batch11 |
| PG-DAC  | Batch16 |
| PG-DAC  | Batch21 |
| DBDA    | Batch2  |
| DBDA    | Batch7  |
| DBDA    | Batch12 |
| DBDA    | Batch17 |
| DBDA    | Batch22 |
| Pre-DAC | Batch3  |
| Pre-DAC | Batch8  |
| Pre-DAC | Batch13 |
| Pre-DAC | Batch18 |
| Pre-DAC | Batch23 |
| JAVA    | Batch4  |
| JAVA    | Batch9  |
| JAVA    | Batch14 |
| JAVA    | Batch19 |
| JAVA    | Batch24 |
| .NET    | Batch5  |
| .NET    | Batch10 |
| .NET    | Batch15 |
| .NET    | Batch20 |
| DMC     | Batch25 |
+---------+---------+
25 rows in set (0.01 sec)

mysql> select c.name, count(cb.name) from course c join course_batches cb where c.id=cb.courseid;
ERROR 1140 (42000): In aggregated query without GROUP BY, expression #1 of SELECT list contains nonaggregated column 'dac42.c.name'; this is incompatible with sql_mode=only_full_group_by
mysql> select c.name, count(cb.name) from course c join course_batches cb where c.id=cb.courseid group by c.name;
+---------+----------------+
| name    | count(cb.name) |
+---------+----------------+
| PG-DAC  |              5 |
| DBDA    |              5 |
| Pre-DAC |              5 |
| JAVA    |              5 |
| .NET    |              4 |
| DMC     |              1 |
+---------+----------------+
6 rows in set (0.00 sec)

mysql> select c.name, cb.name from course c join course_batches cb where c.id=cb.courseid;
+---------+---------+
| name    | name    |
+---------+---------+
| PG-DAC  | Batch1  |
| PG-DAC  | Batch6  |
| PG-DAC  | Batch11 |
| PG-DAC  | Batch16 |
| PG-DAC  | Batch21 |
| DBDA    | Batch2  |
| DBDA    | Batch7  |
| DBDA    | Batch12 |
| DBDA    | Batch17 |
| DBDA    | Batch22 |
| Pre-DAC | Batch3  |
| Pre-DAC | Batch8  |
| Pre-DAC | Batch13 |
| Pre-DAC | Batch18 |
| Pre-DAC | Batch23 |
| JAVA    | Batch4  |
| JAVA    | Batch9  |
| JAVA    | Batch14 |
| JAVA    | Batch19 |
| JAVA    | Batch24 |
| .NET    | Batch5  |
| .NET    | Batch10 |
| .NET    | Batch15 |
| .NET    | Batch20 |
| DMC     | Batch25 |
+---------+---------+
25 rows in set (0.00 sec)

mysql> select * from student s join batch_student bs join course_batches cb join course c where s.id=bs.studentid and bs.batchid=cb.id and cb.courseid=c.id and c.name='PG-DAC';
ERROR 1146 (42S02): Table 'dac42.batch_student' doesn't exist
mysql> select * from student s join batch_students bs join course_batches cb join course c where s.id=bs.studentid and bs.batchid=cb.id and cb.courseid=c.id and c.name='PG-DAC';
+----+-----------+----------+------------+-------------------------+----+---------+-----------+----+---------+----------+------------+------------+----------+----+--------+----------+---------------------------------+
| ID | namefirst | namelast | DOB        | emailID                 | ID | batchID | studentID | ID | name    | courseID | starton    | endson     | capacity | ID | name   | duration | summery                         |
+----+-----------+----------+------------+-------------------------+----+---------+-----------+----+---------+----------+------------+------------+----------+----+--------+----------+---------------------------------+
|  1 | saleel    | bagde    | 1984-06-12 | saleel.bagde@gmail.com  |  1 |       1 |         1 |  1 | Batch1  |        1 | 2016-02-01 | 2016-08-31 |       80 |  1 | PG-DAC |        6 | This course is designed by CDAC |
|  7 | sharmin   | bagde    | 1986-12-14 | sharmin.bagde@gmail.com |  8 |       1 |         7 |  1 | Batch1  |        1 | 2016-02-01 | 2016-08-31 |       80 |  1 | PG-DAC |        6 | This course is designed by CDAC |
| 20 | kaushal   | patil    | 1982-07-30 | kaushal.patil@gmail.com | 14 |       1 |        20 |  1 | Batch1  |        1 | 2016-02-01 | 2016-08-31 |       80 |  1 | PG-DAC |        6 | This course is designed by CDAC |
|  3 | ulka      | joshi    | 1970-10-25 | ulka.joshi@gmail.com    |  4 |       6 |         3 |  6 | Batch6  |        1 | 2015-02-01 | 2015-08-31 |       80 |  1 | PG-DAC |        6 | This course is designed by CDAC |
|  5 | ruhan     | bagde    | 1984-01-12 | ruhan.bagde@gmail.com   | 12 |       6 |         5 |  6 | Batch6  |        1 | 2015-02-01 | 2015-08-31 |       80 |  1 | PG-DAC |        6 | This course is designed by CDAC |
|  1 | saleel    | bagde    | 1984-06-12 | saleel.bagde@gmail.com  | 19 |       6 |         1 |  6 | Batch6  |        1 | 2015-02-01 | 2015-08-31 |       80 |  1 | PG-DAC |        6 | This course is designed by CDAC |
| 18 | rahul     | shah     | 1982-06-12 | rahul.shah@gmail.com    | 23 |      16 |        18 | 16 | Batch16 |        1 | 2014-08-01 | 2015-02-28 |       80 |  1 | PG-DAC |        6 | This course is designed by CDAC |
+----+-----------+----------+------------+-------------------------+----+---------+-----------+----+---------+----------+------------+------------+----------+----+--------+----------+---------------------------------+
7 rows in set (0.00 sec)

mysql> select * from course c join course_batches cb where c.id=cb.courseid and starton='2016-02-01';
+----+---------+----------+---------------------------------+----+--------+----------+------------+------------+----------+
| ID | name    | duration | summery                         | ID | name   | courseID | starton    | endson     | capacity |
+----+---------+----------+---------------------------------+----+--------+----------+------------+------------+----------+
|  1 | PG-DAC  |        6 | This course is designed by CDAC |  1 | Batch1 |        1 | 2016-02-01 | 2016-08-31 |       80 |
|  2 | DBDA    |        6 | This course is designed by CDAC |  2 | Batch2 |        2 | 2016-02-01 | 2016-08-31 |       30 |
|  3 | Pre-DAC |        2 | This course is designed by CDAC |  3 | Batch3 |        3 | 2016-02-01 | 2016-03-31 |       35 |
+----+---------+----------+---------------------------------+----+--------+----------+------------+------------+----------+
3 rows in set (0.00 sec)

mysql> select c.name,m.name from course c join modules m join course_modules cm where c.id=cm.courseid and m.id=cm.moduleid and c.name='PG-DAC';
+--------+---------+
| name   | name    |
+--------+---------+
| PG-DAC | Oracle  |
| PG-DAC | PHP     |
| PG-DAC | MySQL   |
| PG-DAC | Node    |
| PG-DAC | C++     |
| PG-DAC | C       |
| PG-DAC | JAVA1   |
| PG-DAC | JAVA2   |
| PG-DAC | MongoDB |
+--------+---------+
9 rows in set (0.00 sec)

mysql> select * from course c join course_modules cm join modules m where c.id=cm.courseid and m.id=cm.moduleid ;
+----+---------+----------+------------------------------------+----+----------+----------+----+---------------------------+----------+
| ID | name    | duration | summery                            | ID | courseID | moduleID | ID | name                      | duration |
+----+---------+----------+------------------------------------+----+----------+----------+----+---------------------------+----------+
|  1 | PG-DAC  |        6 | This course is designed by CDAC    |  1 |        1 |        1 |  1 | Oracle                    |        1 |
|  1 | PG-DAC  |        6 | This course is designed by CDAC    |  2 |        1 |        2 |  2 | PHP                       |        1 |
|  1 | PG-DAC  |        6 | This course is designed by CDAC    |  3 |        1 |        3 |  3 | MySQL                     |        1 |
|  1 | PG-DAC  |        6 | This course is designed by CDAC    |  4 |        1 |        4 |  4 | Node                      |        1 |
|  1 | PG-DAC  |        6 | This course is designed by CDAC    |  5 |        1 |        5 |  5 | C++                       |        1 |
|  1 | PG-DAC  |        6 | This course is designed by CDAC    |  6 |        1 |        6 |  6 | C                         |        1 |
|  1 | PG-DAC  |        6 | This course is designed by CDAC    |  7 |        1 |        7 |  7 | JAVA1                     |        2 |
|  1 | PG-DAC  |        6 | This course is designed by CDAC    |  8 |        1 |        8 |  8 | JAVA2                     |        2 |
|  1 | PG-DAC  |        6 | This course is designed by CDAC    |  9 |        1 |        9 |  9 | MongoDB                   |        1 |
|  2 | DBDA    |        6 | This course is designed by CDAC    | 10 |        2 |        1 |  1 | Oracle                    |        1 |
|  2 | DBDA    |        6 | This course is designed by CDAC    | 11 |        2 |        2 |  2 | PHP                       |        1 |
|  2 | DBDA    |        6 | This course is designed by CDAC    | 12 |        2 |        3 |  3 | MySQL                     |        1 |
|  2 | DBDA    |        6 | This course is designed by CDAC    | 13 |        2 |       11 | 11 | Hive                      |        1 |
|  2 | DBDA    |        6 | This course is designed by CDAC    | 14 |        2 |       12 | 12 | Python                    |        1 |
|  2 | DBDA    |        6 | This course is designed by CDAC    | 15 |        2 |        9 |  9 | MongoDB                   |        1 |
|  3 | Pre-DAC |        2 | This course is designed by CDAC    | 16 |        3 |       13 | 13 | Aptitude                  |        1 |
|  3 | Pre-DAC |        2 | This course is designed by CDAC    | 17 |        3 |        5 |  5 | C++                       |        1 |
|  3 | Pre-DAC |        2 | This course is designed by CDAC    | 18 |        3 |        6 |  6 | C                         |        1 |
|  4 | JAVA    |        3 | This course is designed by Infoway | 19 |        4 |        1 |  1 | Oracle                    |        1 |
|  4 | JAVA    |        3 | This course is designed by Infoway | 20 |        4 |        7 |  7 | JAVA1                     |        2 |
|  4 | JAVA    |        3 | This course is designed by Infoway | 21 |        4 |        8 |  8 | JAVA2                     |        2 |
|  5 | .NET    |        3 | This course is designed by Infoway | 22 |        5 |        1 |  1 | Oracle                    |        1 |
|  5 | .NET    |        3 | This course is designed by Infoway | 23 |        5 |        7 |  7 | JAVA1                     |        2 |
|  5 | .NET    |        3 | This course is designed by Infoway | 24 |        5 |        8 |  8 | JAVA2                     |        2 |
|  6 | DMC     |        6 | This course is designed by CDAC    | 25 |        6 |       14 | 14 | OOPs with C++ Programming |        6 |
|  6 | DMC     |        6 | This course is designed by CDAC    | 26 |        6 |       15 | 15 | Data Structures           |        6 |
|  6 | DMC     |        6 | This course is designed by CDAC    | 27 |        6 |       16 | 16 | OS Concepts               |        6 |
|  6 | DMC     |        6 | This course is designed by CDAC    | 28 |        6 |       17 | 17 | iOS Programming           |        6 |
+----+---------+----------+------------------------------------+----+----------+----------+----+---------------------------+----------+
28 rows in set (0.00 sec)

mysql> select c.name,count(*) from course c join course_modules cm join modules m where c.id=cm.courseid and m.id=cm.moduleid ;
ERROR 1140 (42000): In aggregated query without GROUP BY, expression #1 of SELECT list contains nonaggregated column 'dac42.c.name'; this is incompatible with sql_mode=only_full_group_by
mysql> select c.name,count(m.name) from course c join course_modules cm join modules m where c.id=cm.courseid and m.id=cm.moduleid ;
ERROR 1140 (42000): In aggregated query without GROUP BY, expression #1 of SELECT list contains nonaggregated column 'dac42.c.name'; this is incompatible with sql_mode=only_full_group_by
mysql> select c.name,count(m.name) from course c join course_modules cm join modules m where c.id=cm.courseid and m.id=cm.moduleid group by c.name;
+---------+---------------+
| name    | count(m.name) |
+---------+---------------+
| PG-DAC  |             9 |
| DBDA    |             6 |
| Pre-DAC |             3 |
| JAVA    |             3 |
| .NET    |             3 |
| DMC     |             4 |
+---------+---------------+
6 rows in set (0.00 sec)

mysql> select c.name,m.name from course c join course_modules cm join modules m where c.id=cm.courseid and m.id=cm.moduleid group by c.name;
ERROR 1055 (42000): Expression #2 of SELECT list is not in GROUP BY clause and contains nonaggregated column 'dac42.m.name' which is not functionally dependent on columns in GROUP BY clause; this is incompatible with sql_mode=only_full_group_by
mysql> select c.name,m.name from course c join course_modules cm join modules m where c.id=cm.courseid and m.id=cm.moduleid;
+---------+---------------------------+
| name    | name                      |
+---------+---------------------------+
| PG-DAC  | Oracle                    |
| PG-DAC  | PHP                       |
| PG-DAC  | MySQL                     |
| PG-DAC  | Node                      |
| PG-DAC  | C++                       |
| PG-DAC  | C                         |
| PG-DAC  | JAVA1                     |
| PG-DAC  | JAVA2                     |
| PG-DAC  | MongoDB                   |
| DBDA    | Oracle                    |
| DBDA    | PHP                       |
| DBDA    | MySQL                     |
| DBDA    | Hive                      |
| DBDA    | Python                    |
| DBDA    | MongoDB                   |
| Pre-DAC | Aptitude                  |
| Pre-DAC | C++                       |
| Pre-DAC | C                         |
| JAVA    | Oracle                    |
| JAVA    | JAVA1                     |
| JAVA    | JAVA2                     |
| .NET    | Oracle                    |
| .NET    | JAVA1                     |
| .NET    | JAVA2                     |
| DMC     | OOPs with C++ Programming |
| DMC     | Data Structures           |
| DMC     | OS Concepts               |
| DMC     | iOS Programming           |
+---------+---------------------------+
28 rows in set (0.00 sec)

mysql> select c.name,count(m.name) from course c join course_modules cm join modules m where c.id=cm.courseid and m.id=cm.moduleid group by c.name;
+---------+---------------+
| name    | count(m.name) |
+---------+---------------+
| PG-DAC  |             9 |
| DBDA    |             6 |
| Pre-DAC |             3 |
| JAVA    |             3 |
| .NET    |             3 |
| DMC     |             4 |
+---------+---------------+
6 rows in set (0.00 sec)

mysql> select c.name,count(m.name) from course c join course_modules cm join modules m where c.id=cm.courseid and m.id=cm.moduleid group by c.name;